Archive member included to satisfy reference by file (symbol)

c:/program files (x86)/gnu tools arm embedded/5.4 2016q2/bin/../lib/gcc/arm-none-eabi/5.4.1/../../../../arm-none-eabi/lib/armv7-m\libc.a(lib_a-exit.o)
                              c:/program files (x86)/gnu tools arm embedded/5.4 2016q2/bin/../lib/gcc/arm-none-eabi/5.4.1/../../../../arm-none-eabi/lib/armv7-m/crt0.o (exit)
c:/program files (x86)/gnu tools arm embedded/5.4 2016q2/bin/../lib/gcc/arm-none-eabi/5.4.1/../../../../arm-none-eabi/lib/armv7-m\libc.a(lib_a-impure.o)
                              c:/program files (x86)/gnu tools arm embedded/5.4 2016q2/bin/../lib/gcc/arm-none-eabi/5.4.1/../../../../arm-none-eabi/lib/armv7-m\libc.a(lib_a-exit.o) (_global_impure_ptr)
c:/program files (x86)/gnu tools arm embedded/5.4 2016q2/bin/../lib/gcc/arm-none-eabi/5.4.1/../../../../arm-none-eabi/lib/armv7-m\libc.a(lib_a-init.o)
                              c:/program files (x86)/gnu tools arm embedded/5.4 2016q2/bin/../lib/gcc/arm-none-eabi/5.4.1/../../../../arm-none-eabi/lib/armv7-m/crt0.o (__libc_init_array)
c:/program files (x86)/gnu tools arm embedded/5.4 2016q2/bin/../lib/gcc/arm-none-eabi/5.4.1/../../../../arm-none-eabi/lib/armv7-m\libc.a(lib_a-memset.o)
                              c:/program files (x86)/gnu tools arm embedded/5.4 2016q2/bin/../lib/gcc/arm-none-eabi/5.4.1/../../../../arm-none-eabi/lib/armv7-m/crt0.o (memset)
c:/program files (x86)/gnu tools arm embedded/5.4 2016q2/bin/../lib/gcc/arm-none-eabi/5.4.1/../../../../arm-none-eabi/lib/armv7-m\libc.a(lib_a-__call_atexit.o)
                              c:/program files (x86)/gnu tools arm embedded/5.4 2016q2/bin/../lib/gcc/arm-none-eabi/5.4.1/../../../../arm-none-eabi/lib/armv7-m\libc.a(lib_a-exit.o) (__call_exitprocs)
c:/program files (x86)/gnu tools arm embedded/5.4 2016q2/bin/../lib/gcc/arm-none-eabi/5.4.1/../../../../arm-none-eabi/lib/armv7-m\libc.a(lib_a-atexit.o)
                              c:/program files (x86)/gnu tools arm embedded/5.4 2016q2/bin/../lib/gcc/arm-none-eabi/5.4.1/../../../../arm-none-eabi/lib/armv7-m\libc.a(lib_a-__call_atexit.o) (atexit)
c:/program files (x86)/gnu tools arm embedded/5.4 2016q2/bin/../lib/gcc/arm-none-eabi/5.4.1/../../../../arm-none-eabi/lib/armv7-m\libc.a(lib_a-fini.o)
                              c:/program files (x86)/gnu tools arm embedded/5.4 2016q2/bin/../lib/gcc/arm-none-eabi/5.4.1/../../../../arm-none-eabi/lib/armv7-m\libc.a(lib_a-__call_atexit.o) (__libc_fini_array)
c:/program files (x86)/gnu tools arm embedded/5.4 2016q2/bin/../lib/gcc/arm-none-eabi/5.4.1/../../../../arm-none-eabi/lib/armv7-m\libc.a(lib_a-__atexit.o)
                              c:/program files (x86)/gnu tools arm embedded/5.4 2016q2/bin/../lib/gcc/arm-none-eabi/5.4.1/../../../../arm-none-eabi/lib/armv7-m\libc.a(lib_a-atexit.o) (__register_exitproc)
c:/program files (x86)/gnu tools arm embedded/5.4 2016q2/bin/../lib/gcc/arm-none-eabi/5.4.1/armv7-m\libgcc.a(_arm_addsubdf3.o)
                              ..\obj\deca_device.o (__aeabi_ui2d)
c:/program files (x86)/gnu tools arm embedded/5.4 2016q2/bin/../lib/gcc/arm-none-eabi/5.4.1/armv7-m\libgcc.a(_arm_muldivdf3.o)
                              ..\obj\deca_device.o (__aeabi_dmul)
c:/program files (x86)/gnu tools arm embedded/5.4 2016q2/bin/../lib/gcc/arm-none-eabi/5.4.1/armv7-m\libgcc.a(_arm_fixdfsi.o)
                              ..\obj\deca_range_tables.o (__aeabi_d2iz)
c:/program files (x86)/gnu tools arm embedded/5.4 2016q2/bin/../lib/gcc/arm-none-eabi/5.4.1/armv7-m\libgcc.a(_arm_addsubsf3.o)
                              ..\obj\deca_range_tables.o (__aeabi_i2f)
c:/program files (x86)/gnu tools arm embedded/5.4 2016q2/bin/../lib/gcc/arm-none-eabi/5.4.1/armv7-m\libgcc.a(unwind-arm.o)
                              ..\obj\TCP_SERVER.o (__aeabi_unwind_cpp_pr1)
c:/program files (x86)/gnu tools arm embedded/5.4 2016q2/bin/../lib/gcc/arm-none-eabi/5.4.1/armv7-m\libgcc.a(libunwind.o)
                              c:/program files (x86)/gnu tools arm embedded/5.4 2016q2/bin/../lib/gcc/arm-none-eabi/5.4.1/armv7-m\libgcc.a(unwind-arm.o) (restore_core_regs)
c:/program files (x86)/gnu tools arm embedded/5.4 2016q2/bin/../lib/gcc/arm-none-eabi/5.4.1/armv7-m\libgcc.a(pr-support.o)
                              c:/program files (x86)/gnu tools arm embedded/5.4 2016q2/bin/../lib/gcc/arm-none-eabi/5.4.1/armv7-m\libgcc.a(unwind-arm.o) (__gnu_unwind_execute)
c:/program files (x86)/gnu tools arm embedded/5.4 2016q2/bin/../lib/gcc/arm-none-eabi/5.4.1/../../../../arm-none-eabi/lib/armv7-m\libc.a(lib_a-abort.o)
                              c:/program files (x86)/gnu tools arm embedded/5.4 2016q2/bin/../lib/gcc/arm-none-eabi/5.4.1/armv7-m\libgcc.a(unwind-arm.o) (abort)
c:/program files (x86)/gnu tools arm embedded/5.4 2016q2/bin/../lib/gcc/arm-none-eabi/5.4.1/../../../../arm-none-eabi/lib/armv7-m\libc.a(lib_a-clock.o)
                              ..\obj\unistd.o (clock)
[...]
Memory Configuration

Name             Origin             Length             Attributes
FLASH            0x08000000         0x00040000         xr
RAM              0x20000000         0x00010000         xrw
MEMORY_B1        0x60000000         0x00000000         xr
*default*        0x00000000         0xffffffff

Linker script and memory map

LOAD c:/program files (x86)/gnu tools arm embedded/5.4 2016q2/bin/../lib/gcc/arm-none-eabi/5.4.1/armv7-m/crti.o
LOAD c:/program files (x86)/gnu tools arm embedded/5.4 2016q2/bin/../lib/gcc/arm-none-eabi/5.4.1/armv7-m/crtbegin.o
LOAD c:/program files (x86)/gnu tools arm embedded/5.4 2016q2/bin/../lib/gcc/arm-none-eabi/5.4.1/../../../../arm-none-eabi/lib/armv7-m/crt0.o
                0x20010000                _estack = 0x20010000
                0x00000800                _Min_Heap_Size = 0x800
                0x00000800                _Min_Stack_Size = 0x800

.isr_vector     0x08000000      0x1e4
                0x08000000                . = ALIGN (0x4)
 *(.isr_vector)
 .isr_vector    0x08000000      0x1e4 ..\obj\startup_stm32f10x_cl.o
                0x08000000                g_pfnVectors
                0x080001e4                . = ALIGN (0x4)

.text           0x080001e4     0xf2cc
                0x080001e4                . = ALIGN (0x4)
 *(.text)
 .text          0x080001e4       0x5c c:/program files (x86)/gnu tools arm embedded/5.4 2016q2/bin/../lib/gcc/arm-none-eabi/5.4.1/armv7-m/crtbegin.o
 .text          0x08000240      0x9e4 c:/program files (x86)/gnu tools arm embedded/5.4 2016q2/bin/../lib/gcc/arm-none-eabi/5.4.1/armv7-m\libgcc.a(unwind-arm.o)
                0x08000500                _Unwind_GetCFA
                0x08000504                __gnu_Unwind_RaiseException
                0x08000564                __gnu_Unwind_ForcedUnwind
                0x08000578                __gnu_Unwind_Resume
                0x080005bc                __gnu_Unwind_Resume_or_Rethrow
                0x080005d0                _Unwind_Complete
                0x080005d4                _Unwind_DeleteException
                0x080005e0                _Unwind_VRS_Get
                0x0800062c                _Unwind_VRS_Set
                0x0800067c                __gnu_Unwind_Backtrace
                0x080009c8                __aeabi_unwind_cpp_pr0
                0x080009cc                __aeabi_unwind_cpp_pr1
                0x080009d0                __aeabi_unwind_cpp_pr2
                0x080009d4                _Unwind_VRS_Pop
 .text          0x08000c24      0x1ac c:/program files (x86)/gnu tools arm embedded/5.4 2016q2/bin/../lib/gcc/arm-none-eabi/5.4.1/armv7-m\libgcc.a(libunwind.o)
                0x08000c24                __restore_core_regs
                0x08000c24                restore_core_regs
                0x08000c3c                __gnu_Unwind_Restore_VFP
                0x08000c44                __gnu_Unwind_Save_VFP
                0x08000c4c                __gnu_Unwind_Restore_VFP_D
                0x08000c54                __gnu_Unwind_Save_VFP_D
                0x08000c5c                __gnu_Unwind_Restore_VFP_D_16_to_31
                0x08000c64                __gnu_Unwind_Save_VFP_D_16_to_31
                0x08000c6c                __gnu_Unwind_Restore_WMMXD
                0x08000cb0                __gnu_Unwind_Save_WMMXD
                0x08000cf4                __gnu_Unwind_Restore_WMMXC
                0x08000d08                __gnu_Unwind_Save_WMMXC
                0x08000d1c                ___Unwind_RaiseException
                0x08000d1c                _Unwind_RaiseException
                0x08000d40                _Unwind_Resume
                0x08000d40                ___Unwind_Resume
                0x08000d64                _Unwind_Resume_or_Rethrow
                0x08000d64                ___Unwind_Resume_or_Rethrow
                0x08000d88                _Unwind_ForcedUnwind
                0x08000d88                ___Unwind_ForcedUnwind
                0x08000dac                ___Unwind_Backtrace
                0x08000dac                _Unwind_Backtrace
 .text          0x08000dd0      0x354 c:/program files (x86)/gnu tools arm embedded/5.4 2016q2/bin/../lib/gcc/arm-none-eabi/5.4.1/armv7-m\libgcc.a(pr-support.o)
                0x08000e28                __gnu_unwind_execute
                0x080010cc                __gnu_unwind_frame
                0x080010f4                _Unwind_GetRegionStart
                0x08001100                _Unwind_GetLanguageSpecificData
                0x08001114                _Unwind_GetTextRelBase
                0x0800111c                _Unwind_GetDataRelBase
 .text          0x08001124       0xec c:/program files (x86)/gnu tools arm embedded/5.4 2016q2/bin/../lib/gcc/arm-none-eabi/5.4.1/../../../../arm-none-eabi/lib/armv7-m\libc.a(lib_a-memcpy.o)
                0x08001124                memcpy
 *(.text*)
 .text.__libc_init_array
                0x08001210       0x50 c:/program files (x86)/gnu tools arm embedded/5.4 2016q2/bin/../lib/gcc/arm-none-eabi/5.4.1/../../../../arm-none-eabi/lib/armv7-m\libc.a(lib_a-init.o)
                0x08001210                __libc_init_array
 .text.memset   0x08001260       0x9c c:/program files (x86)/gnu tools arm embedded/5.4 2016q2/bin/../lib/gcc/arm-none-eabi/5.4.1/../../../../arm-none-eabi/lib/armv7-m\libc.a(lib_a-memset.o)
                0x08001260                memset
 .text.startup.register_fini
                0x080012fc       0x14 c:/program files (x86)/gnu tools arm embedded/5.4 2016q2/bin/../lib/gcc/arm-none-eabi/5.4.1/../../../../arm-none-eabi/lib/armv7-m\libc.a(lib_a-__call_atexit.o)
 .text.atexit   0x08001310        0xc c:/program files (x86)/gnu tools arm embedded/5.4 2016q2/bin/../lib/gcc/arm-none-eabi/5.4.1/../../../../arm-none-eabi/lib/armv7-m\libc.a(lib_a-atexit.o)
                0x08001310                atexit
 .text.__libc_fini_array
                0x0800131c       0x28 c:/program files (x86)/gnu tools arm embedded/5.4 2016q2/bin/../lib/gcc/arm-none-eabi/5.4.1/../../../../arm-none-eabi/lib/armv7-m\libc.a(lib_a-fini.o)
                0x0800131c                __libc_fini_array
 .text.__register_exitproc
                0x08001344       0xa4 c:/program files (x86)/gnu tools arm embedded/5.4 2016q2/bin/../lib/gcc/arm-none-eabi/5.4.1/../../../../arm-none-eabi/lib/armv7-m\libc.a(lib_a-__atexit.o)
                0x08001344                __register_exitproc
 .text.RTC_WaitForLastTask
                0x080013e8       0x20 ..\obj\stm32f10x_rtc.o
                0x080013e8                RTC_WaitForLastTask
 .text.RTC_GetITStatus
                0x08001408       0x50 ..\obj\stm32f10x_rtc.o
                0x08001408                RTC_GetITStatus
 .text.RTC_ClearITPendingBit
                0x08001458       0x2c ..\obj\stm32f10x_rtc.o
                0x08001458                RTC_ClearITPendingBit
 .text.USB_OTG_WritePacket
                0x08001484       0x74 ..\obj\usb_core.o
                0x08001484                USB_OTG_WritePacket
 .text.USB_OTG_ReadPacket
                0x080014f8       0x58 ..\obj\usb_core.o
                0x080014f8                USB_OTG_ReadPacket
 .text.USB_OTG_FlushTxFifo
                0x08001550       0x74 ..\obj\usb_core.o
                0x08001550                USB_OTG_FlushTxFifo
 .text.USB_OTG_GetMode
                0x080015c4       0x1c ..\obj\usb_core.o
                0x080015c4                USB_OTG_GetMode
 .text.USB_OTG_IsDeviceMode
                0x080015e0       0x24 ..\obj\usb_core.o
                0x080015e0                USB_OTG_IsDeviceMode
 .text.USB_OTG_ReadCoreItr
                0x08001604       0x2c ..\obj\usb_core.o
                0x08001604                USB_OTG_ReadCoreItr
 .text.USB_OTG_GetDeviceSpeed
                0x08001630       0x48 ..\obj\usb_core.o
                0x08001630                USB_OTG_GetDeviceSpeed
 .text.USB_OTG_EP0Activate
                0x08001678       0x74 ..\obj\usb_core.o
                0x08001678                USB_OTG_EP0Activate
 .text.USB_OTG_EPActivate
                0x080016ec       0xdc ..\obj\usb_core.o
                0x080016ec                USB_OTG_EPActivate
 .text.USB_OTG_EPStartXfer
                0x080017c8      0x280 ..\obj\usb_core.o
                0x080017c8                USB_OTG_EPStartXfer
 .text.USB_OTG_EP0StartXfer
                0x08001a48      0x1d4 ..\obj\usb_core.o
                0x08001a48                USB_OTG_EP0StartXfer
 .text.USB_OTG_EPSetStall
                0x08001c1c       0x84 ..\obj\usb_core.o
                0x08001c1c                USB_OTG_EPSetStall
 .text.USB_OTG_EPClearStall
                0x08001ca0       0x74 ..\obj\usb_core.o
                0x08001ca0                USB_OTG_EPClearStall
 .text.USB_OTG_ReadDevAllOutEp_itr
                0x08001d14       0x2c ..\obj\usb_core.o
                0x08001d14                USB_OTG_ReadDevAllOutEp_itr
 .text.USB_OTG_ReadDevOutEP_itr
                0x08001d40       0x34 ..\obj\usb_core.o
                0x08001d40                USB_OTG_ReadDevOutEP_itr
 .text.USB_OTG_ReadDevAllInEPItr
                0x08001d74       0x2c ..\obj\usb_core.o
                0x08001d74                USB_OTG_ReadDevAllInEPItr
 .text.USB_OTG_EP0_OutStart
                0x08001da0       0x70 ..\obj\usb_core.o
                0x08001da0                USB_OTG_EP0_OutStart
 .text.USB_OTG_UngateClock
                0x08001e10       0x54 ..\obj\usb_core.o
                0x08001e10                USB_OTG_UngateClock
 .text.plug_holes
                0x08001e64       0xbc ..\obj\mem.o
 .text.mem_init
                0x08001f20       0x84 ..\obj\mem.o
                0x08001f20                mem_init
 .text.mem_free
                0x08001fa4       0x68 ..\obj\mem.o
                0x08001fa4                mem_free
 .text.mem_realloc
                0x0800200c      0x178 ..\obj\mem.o
                0x0800200c                mem_realloc
 .text.mem_malloc
                0x08002184      0x14c ..\obj\mem.o
                0x08002184                mem_malloc
 .text.TIM_GetITStatus
                0x080022d0       0x54 ..\obj\stm32f10x_tim.o
                0x080022d0                TIM_GetITStatus
 .text.TIM_ClearITPendingBit
                0x08002324       0x20 ..\obj\stm32f10x_tim.o
                0x08002324                TIM_ClearITPendingBit
 .text.CoCreateKheap
                0x08002344       0x44 ..\obj\kernelHeap.o
                0x08002344                CoCreateKheap
 .text.tcp_close
                0x08002388      0x170 ..\obj\tcp.o
                0x08002388                tcp_close
 .text.tcp_abandon
                0x080024f8       0xe0 ..\obj\tcp.o
                0x080024f8                tcp_abandon
 .text.tcp_bind
                0x080025d8      0x184 ..\obj\tcp.o
                0x080025d8                tcp_bind
 .text.tcp_accept_null
                0x0800275c       0x1c ..\obj\tcp.o
 .text.tcp_listen_with_backlog
                0x08002778      0x114 ..\obj\tcp.o
                0x08002778                tcp_listen_with_backlog
 .text.tcp_update_rcv_ann_wnd
                0x0800288c       0x70 ..\obj\tcp.o
                0x0800288c                tcp_update_rcv_ann_wnd
 .text.tcp_recved
                0x080028fc       0x64 ..\obj\tcp.o
                0x080028fc                tcp_recved
 .text.tcp_new_port
                0x08002960       0xa8 ..\obj\tcp.o
 .text.tcp_segs_free
                0x08002a08       0x38 ..\obj\tcp.o
                0x08002a08                tcp_segs_free
 .text.tcp_seg_free
                0x08002a40       0x3c ..\obj\tcp.o
                0x08002a40                tcp_seg_free
 .text.tcp_setprio
                0x08002a7c       0x1c ..\obj\tcp.o
                0x08002a7c                tcp_setprio
 .text.tcp_recv_null
                0x08002a98       0x38 ..\obj\tcp.o
 .text.tcp_kill_prio
                0x08002ad0       0x84 ..\obj\tcp.o
 .text.tcp_kill_timewait
                0x08002b54       0x60 ..\obj\tcp.o
 .text.tcp_alloc
                0x08002bb4      0x10c ..\obj\tcp.o
                0x08002bb4                tcp_alloc
 .text.tcp_new  0x08002cc0       0x10 ..\obj\tcp.o
                0x08002cc0                tcp_new
 .text.tcp_recv
                0x08002cd0       0x1c ..\obj\tcp.o
                0x08002cd0                tcp_recv
 .text.tcp_accept
                0x08002cec       0x1c ..\obj\tcp.o
                0x08002cec                tcp_accept
 .text.tcp_pcb_purge
                0x08002d08       0x64 ..\obj\tcp.o
                0x08002d08                tcp_pcb_purge
 .text.tcp_pcb_remove
                0x08002d6c       0xb8 ..\obj\tcp.o
                0x08002d6c                tcp_pcb_remove
 .text.tcp_next_iss
                0x08002e24       0x28 ..\obj\tcp.o
                0x08002e24                tcp_next_iss
 .text.tcp_eff_send_mss
                0x08002e4c       0x40 ..\obj\tcp.o
                0x08002e4c                tcp_eff_send_mss
 .text.OsSchedUnlock
                0x08002e8c       0x50 ..\obj\core.o
                0x08002e8c                OsSchedUnlock
 .text.CoInitOS
                0x08002edc       0x80 ..\obj\core.o
                0x08002edc                CoInitOS
 .text.CoStartOS
                0x08002f5c       0x38 ..\obj\core.o
                0x08002f5c                CoStartOS
 .text.usleep   0x08002f94       0x3c ..\obj\unistd.o
                0x08002f94                usleep
 .text.InsertTmrList
                0x08002fd0      0x1dc ..\obj\timer.o
 .text.RemoveTmrList
                0x080031ac       0xd4 ..\obj\timer.o
 .text.TmrDispose
                0x08003280       0x78 ..\obj\timer.o
                0x08003280                TmrDispose
 .text.isr_TmrDispose
                0x080032f8       0x30 ..\obj\timer.o
                0x080032f8                isr_TmrDispose
 .text.USB_OTG_BSP_uDelay
                0x08003328       0x48 ..\obj\deca_usb_bsp_evk1000.o
                0x08003328                USB_OTG_BSP_uDelay
 .text.tcp_input
                0x08003370      0x5bc ..\obj\tcp_in.o
                0x08003370                tcp_input
 .text.tcp_listen_input
                0x0800392c      0x1a4 ..\obj\tcp_in.o
 .text.tcp_timewait_input
                0x08003ad0       0x68 ..\obj\tcp_in.o
 .text.tcp_process
                0x08003b38      0x6e4 ..\obj\tcp_in.o
 .text.tcp_receive
                0x0800421c      0x92c ..\obj\tcp_in.o
 .text.tcp_parseopt
                0x08004b48      0x108 ..\obj\tcp_in.o
 .text.SystemInit
                0x08004c50       0x7c ..\obj\system_stm32f10x.o
                0x08004c50                SystemInit
 .text.SetSysClock
                0x08004ccc        0xc ..\obj\system_stm32f10x.o
 .text.SetSysClockTo72
                0x08004cd8      0x138 ..\obj\system_stm32f10x.o
 .text.memp_init
                0x08004e10       0x98 ..\obj\memp.o
                0x08004e10                memp_init
 .text.memp_malloc
                0x08004ea8       0x40 ..\obj\memp.o
                0x08004ea8                memp_malloc
 .text.memp_free
                0x08004ee8       0x3c ..\obj\memp.o
                0x08004ee8                memp_free
 .text.ip_reass_free_complete_datagram
                0x08004f24       0xbc ..\obj\ip_frag.o
 .text.ip_reass_remove_oldest_datagram
                0x08004fe0       0xb8 ..\obj\ip_frag.o
 .text.ip_reass_enqueue_new_datagram
                0x08005098       0x74 ..\obj\ip_frag.o
 .text.ip_reass_dequeue_datagram
                0x0800510c       0x3c ..\obj\ip_frag.o
 .text.ip_reass_chain_frag_into_datagram_and_validate
                0x08005148      0x20c ..\obj\ip_frag.o
 .text.ip_reass
                0x08005354      0x264 ..\obj\ip_frag.o
                0x08005354                ip_reass
 .text.ip_frag  0x080055b8      0x1a8 ..\obj\ip_frag.o
                0x080055b8                ip_frag
 .text.dwt_initialise
                0x08005760      0x2b4 ..\obj\deca_device.o
                0x08005760                dwt_initialise
 .text.dwt_readdevid
                0x08005a14       0x14 ..\obj\deca_device.o
                0x08005a14                dwt_readdevid
 .text.dwt_configure
                0x08005a28      0x300 ..\obj\deca_device.o
                0x08005a28                dwt_configure
 .text.dwt_writetxdata
                0x08005d28       0x20 ..\obj\deca_device.o
                0x08005d28                dwt_writetxdata
 .text.dwt_writetxfctrl
                0x08005d48       0x1c ..\obj\deca_device.o
                0x08005d48                dwt_writetxfctrl
 .text.dwt_writetodevice
                0x08005d64       0x58 ..\obj\deca_device.o
                0x08005d64                dwt_writetodevice
 .text.dwt_readfromdevice
                0x08005dbc       0x54 ..\obj\deca_device.o
                0x08005dbc                dwt_readfromdevice
 .text.dwt_read32bitoffsetreg
                0x08005e10       0x44 ..\obj\deca_device.o
                0x08005e10                dwt_read32bitoffsetreg
 .text.dwt_read16bitoffsetreg
                0x08005e54       0x30 ..\obj\deca_device.o
                0x08005e54                dwt_read16bitoffsetreg
 .text.dwt_write16bitoffsetreg
                0x08005e84       0x20 ..\obj\deca_device.o
                0x08005e84                dwt_write16bitoffsetreg
 .text.dwt_write32bitoffsetreg
                0x08005ea4       0x30 ..\obj\deca_device.o
                0x08005ea4                dwt_write32bitoffsetreg
 .text._dwt_otpread
                0x08005ed4       0x4c ..\obj\deca_device.o
                0x08005ed4                _dwt_otpread
 .text.dwt_entersleepaftertx
                0x08005f20       0x30 ..\obj\deca_device.o
                0x08005f20                dwt_entersleepaftertx
 .text._dwt_configlde
                0x08005f50       0x40 ..\obj\deca_device.o
                0x08005f50                _dwt_configlde
 .text._dwt_loaducodefromrom
                0x08005f90       0x3c ..\obj\deca_device.o
                0x08005f90                _dwt_loaducodefromrom
 .text.dwt_setleds
                0x08005fcc       0xc4 ..\obj\deca_device.o
                0x08005fcc                dwt_setleds
 .text._dwt_enableclocks
                0x08006090       0xe4 ..\obj\deca_device.o
                0x08006090                _dwt_enableclocks
 .text.dwt_starttx
                0x08006174       0xa8 ..\obj\deca_device.o
                0x08006174                dwt_starttx
 .text.dwt_xtaltrim
                0x0800621c       0x38 ..\obj\deca_device.o
                0x0800621c                dwt_xtaltrim
 .text.writetospi_serial
                0x08006254       0x74 ..\obj\deca_spi.o
                0x08006254                writetospi_serial
 .text.readfromspi_serial
                0x080062c8       0x78 ..\obj\deca_spi.o
                0x080062c8                readfromspi_serial
 .text.CreateTCBList
                0x08006340       0x68 ..\obj\task.o
                0x08006340                CreateTCBList
 .text.InsertToTCBRdyList
                0x080063a8      0x100 ..\obj\task.o
                0x080063a8                InsertToTCBRdyList
 .text.RemoveFromTCBRdyList
                0x080064a8       0x88 ..\obj\task.o
                0x080064a8                RemoveFromTCBRdyList
 .text.CoSetPriority
                0x08006530      0x1c0 ..\obj\task.o
                0x08006530                CoSetPriority
 .text.Schedule
                0x080066f0      0x13c ..\obj\task.o
                0x080066f0                Schedule
 .text.AssignTCB
                0x0800682c       0x4c ..\obj\task.o
 .text.CreateTask
                0x08006878      0x118 ..\obj\task.o
                0x08006878                CreateTask
 .text.CoDelTask
                0x08006990      0x114 ..\obj\task.o
                0x08006990                CoDelTask
 .text.CoExitTask
                0x08006aa4       0x18 ..\obj\task.o
                0x08006aa4                CoExitTask
 .text.GPIO_Init
                0x08006abc      0x178 ..\obj\stm32f10x_gpio.o
                0x08006abc                GPIO_Init
 .text.GPIO_SetBits
                0x08006c34       0x1c ..\obj\stm32f10x_gpio.o
                0x08006c34                GPIO_SetBits
 .text.GPIO_ResetBits
                0x08006c50       0x1c ..\obj\stm32f10x_gpio.o
                0x08006c50                GPIO_ResetBits
 .text.GPIO_PinRemapConfig
                0x08006c6c       0xe0 ..\obj\stm32f10x_gpio.o
                0x08006c6c                GPIO_PinRemapConfig
 .text.GPIO_EXTILineConfig
                0x08006d4c       0x84 ..\obj\stm32f10x_gpio.o
                0x08006d4c                GPIO_EXTILineConfig
 .text.GPIO_ETH_MediaInterfaceConfig
                0x08006dd0       0x1c ..\obj\stm32f10x_gpio.o
                0x08006dd0                GPIO_ETH_MediaInterfaceConfig
 .text.RespondSRQ
                0x08006dec      0x100 ..\obj\serviceReq.o
                0x08006dec                RespondSRQ
 .text.ip_addr_isbroadcast
                0x08006eec       0x7c ..\obj\ip_addr.o
                0x08006eec                ip_addr_isbroadcast
 .text.lwip_standard_chksum
                0x08006f68       0x9c ..\obj\inet_chksum.o
 .text.inet_chksum
                0x08007004       0x24 ..\obj\inet_chksum.o
                0x08007004                inet_chksum
 .text.inet_chksum_pbuf
                0x08007028       0x94 ..\obj\inet_chksum.o
                0x08007028                inet_chksum_pbuf
 .text.USBD_SetupStage
                0x080070bc       0x6c ..\obj\usbd_core.o
 .text.USBD_DataOutStage
                0x08007128       0xcc ..\obj\usbd_core.o
 .text.USBD_DataInStage
                0x080071f4      0x11c ..\obj\usbd_core.o
 .text.USBD_RunTestMode
                0x08007310       0x24 ..\obj\usbd_core.o
 .text.USBD_Reset
                0x08007334       0x44 ..\obj\usbd_core.o
 .text.USBD_Resume
                0x08007378       0x30 ..\obj\usbd_core.o
 .text.USBD_Suspend
                0x080073a8       0x30 ..\obj\usbd_core.o
 .text.USBD_SOF
                0x080073d8       0x2c ..\obj\usbd_core.o
 .text.USBD_SetCfg
                0x08007404       0x30 ..\obj\usbd_core.o
                0x08007404                USBD_SetCfg
 .text.USBD_ClrCfg
                0x08007434       0x28 ..\obj\usbd_core.o
                0x08007434                USBD_ClrCfg
 .text.USBD_IsoINIncomplete
                0x0800745c       0x20 ..\obj\usbd_core.o
 .text.USBD_IsoOUTIncomplete
                0x0800747c       0x20 ..\obj\usbd_core.o
 .text.USBD_DevConnected
                0x0800749c       0x24 ..\obj\usbd_core.o
 .text.USBD_DevDisconnected
                0x080074c0       0x34 ..\obj\usbd_core.o
 .text.Time_Update
                0x080074f4       0x1c ..\obj\main.o
                0x080074f4                Time_Update
 .text.TcpTx    0x08007510       0x34 ..\obj\main.o
                0x08007510                TcpTx
 .text.sleep_ms
                0x08007544       0x2c ..\obj\main.o
                0x08007544                sleep_ms
 .text.taskA    0x08007570       0x40 ..\obj\main.o
                0x08007570                taskA
 .text.taskB    0x080075b0       0xbc ..\obj\main.o
                0x080075b0                taskB
 .text.taskC    0x0800766c       0x3c ..\obj\main.o
                0x0800766c                taskC
 .text.TaskN    0x080076a8       0x18 ..\obj\main.o
                0x080076a8                TaskN
 .text.startup.main
                0x080076c0       0xc4 ..\obj\main.o
                0x080076c0                main
 .text.LwIP_Init
                0x08007784       0xa4 ..\obj\netconf.o
                0x08007784                LwIP_Init
 .text.LwIP_Pkt_Handle
                0x08007828       0x14 ..\obj\netconf.o
                0x08007828                LwIP_Pkt_Handle
 .text.My_IP4_ADDR
                0x0800783c       0x44 ..\obj\netconf.o
                0x0800783c                My_IP4_ADDR
 .text.Set_MAC_Address
                0x08007880       0x4c ..\obj\ethernetif.o
                0x08007880                Set_MAC_Address
 .text.low_level_init
                0x080078cc       0xd8 ..\obj\ethernetif.o
 .text.low_level_output
                0x080079a4       0x5c ..\obj\ethernetif.o
 .text.low_level_input
                0x08007a00       0xa8 ..\obj\ethernetif.o
 .text.ethernetif_input
                0x08007aa8       0x48 ..\obj\ethernetif.o
                0x08007aa8                ethernetif_input
 .text.ethernetif_init
                0x08007af0       0x60 ..\obj\ethernetif.o
                0x08007af0                ethernetif_init
 .text.ETH_RxPkt_ChainMode
                0x08007b50       0xe4 ..\obj\ethernetif.o
                0x08007b50                ETH_RxPkt_ChainMode
 .text.ETH_TxPkt_ChainMode
                0x08007c34       0x90 ..\obj\ethernetif.o
                0x08007c34                ETH_TxPkt_ChainMode
 .text.ETH_GetCurrentTxBuffer
                0x08007cc4       0x18 ..\obj\ethernetif.o
                0x08007cc4                ETH_GetCurrentTxBuffer
 .text.RCC_DeInit
                0x08007cdc       0x70 ..\obj\stm32f10x_rcc.o
                0x08007cdc                RCC_DeInit
 .text.RCC_HSEConfig
                0x08007d4c       0x5c ..\obj\stm32f10x_rcc.o
                0x08007d4c                RCC_HSEConfig
 .text.RCC_WaitForHSEStartUp
                0x08007da8       0x50 ..\obj\stm32f10x_rcc.o
                0x08007da8                RCC_WaitForHSEStartUp
 .text.RCC_PLLConfig
                0x08007df8       0x3c ..\obj\stm32f10x_rcc.o
                0x08007df8                RCC_PLLConfig
 .text.RCC_PLLCmd
                0x08007e34       0x20 ..\obj\stm32f10x_rcc.o
                0x08007e34                RCC_PLLCmd
 .text.RCC_PREDIV1Config
                0x08007e54       0x40 ..\obj\stm32f10x_rcc.o
                0x08007e54                RCC_PREDIV1Config
 .text.RCC_PREDIV2Config
                0x08007e94       0x38 ..\obj\stm32f10x_rcc.o
                0x08007e94                RCC_PREDIV2Config
 .text.RCC_PLL2Config
                0x08007ecc       0x38 ..\obj\stm32f10x_rcc.o
                0x08007ecc                RCC_PLL2Config
 .text.RCC_PLL2Cmd
                0x08007f04       0x20 ..\obj\stm32f10x_rcc.o
                0x08007f04                RCC_PLL2Cmd
 .text.RCC_PLL3Config
                0x08007f24       0x38 ..\obj\stm32f10x_rcc.o
                0x08007f24                RCC_PLL3Config
 .text.RCC_PLL3Cmd
                0x08007f5c       0x20 ..\obj\stm32f10x_rcc.o
                0x08007f5c                RCC_PLL3Cmd
 .text.RCC_SYSCLKConfig
                0x08007f7c       0x38 ..\obj\stm32f10x_rcc.o
                0x08007f7c                RCC_SYSCLKConfig
 .text.RCC_GetSYSCLKSource
                0x08007fb4       0x1c ..\obj\stm32f10x_rcc.o
                0x08007fb4                RCC_GetSYSCLKSource
 .text.RCC_HCLKConfig
                0x08007fd0       0x38 ..\obj\stm32f10x_rcc.o
                0x08007fd0                RCC_HCLKConfig
 .text.RCC_PCLK1Config
                0x08008008       0x38 ..\obj\stm32f10x_rcc.o
                0x08008008                RCC_PCLK1Config
 .text.RCC_PCLK2Config
                0x08008040       0x38 ..\obj\stm32f10x_rcc.o
                0x08008040                RCC_PCLK2Config
 .text.RCC_ADCCLKConfig
                0x08008078       0x38 ..\obj\stm32f10x_rcc.o
                0x08008078                RCC_ADCCLKConfig
 .text.RCC_GetClocksFreq
                0x080080b0      0x1c8 ..\obj\stm32f10x_rcc.o
                0x080080b0                RCC_GetClocksFreq
 .text.RCC_AHBPeriphClockCmd
                0x08008278       0x3c ..\obj\stm32f10x_rcc.o
                0x08008278                RCC_AHBPeriphClockCmd
 .text.RCC_APB2PeriphClockCmd
                0x080082b4       0x3c ..\obj\stm32f10x_rcc.o
                0x080082b4                RCC_APB2PeriphClockCmd
 .text.RCC_AHBPeriphResetCmd
                0x080082f0       0x3c ..\obj\stm32f10x_rcc.o
                0x080082f0                RCC_AHBPeriphResetCmd
 .text.RCC_APB2PeriphResetCmd
                0x0800832c       0x3c ..\obj\stm32f10x_rcc.o
                0x0800832c                RCC_APB2PeriphResetCmd
 .text.RCC_APB1PeriphResetCmd
                0x08008368       0x3c ..\obj\stm32f10x_rcc.o
                0x08008368                RCC_APB1PeriphResetCmd
 .text.RCC_MCOConfig
                0x080083a4       0x20 ..\obj\stm32f10x_rcc.o
                0x080083a4                RCC_MCOConfig
 .text.RCC_GetFlagStatus
                0x080083c4       0x74 ..\obj\stm32f10x_rcc.o
                0x080083c4                RCC_GetFlagStatus
 .text.CoCreateMbox
                0x08008438       0x34 ..\obj\mbox.o
                0x08008438                CoCreateMbox
 .text.CoPendMail
                0x0800846c      0x15c ..\obj\mbox.o
                0x0800846c                CoPendMail
 .text.CoPostMail
                0x080085c8       0x74 ..\obj\mbox.o
                0x080085c8                CoPostMail
 .text.free_etharp_q
                0x0800863c       0x34 ..\obj\etharp.o
 .text.find_entry
                0x08008670      0x2dc ..\obj\etharp.o
 .text.etharp_send_ip
                0x0800894c       0x68 ..\obj\etharp.o
 .text.update_arp_entry
                0x080089b4      0x154 ..\obj\etharp.o
 .text.etharp_ip_input
                0x08008b08       0x4c ..\obj\etharp.o
                0x08008b08                etharp_ip_input
 .text.etharp_arp_input
                0x08008b54      0x1a8 ..\obj\etharp.o
                0x08008b54                etharp_arp_input
 .text.etharp_output
                0x08008cfc       0xfc ..\obj\etharp.o
                0x08008cfc                etharp_output
 .text.etharp_query
                0x08008df8      0x250 ..\obj\etharp.o
                0x08008df8                etharp_query
 .text.etharp_raw
                0x08009048      0x108 ..\obj\etharp.o
 .text.etharp_request
                0x08009150       0x44 ..\obj\etharp.o
                0x08009150                etharp_request
 .text.ethernet_input
                0x08009194       0x84 ..\obj\etharp.o
                0x08009194                ethernet_input
 .text.Reset_Handler
                0x08009218       0x48 ..\obj\startup_stm32f10x_cl.o
                0x08009218                Reset_Handler
 .text.Default_Handler
                0x08009260        0x2 ..\obj\startup_stm32f10x_cl.o
                0x08009260                EXTI2_IRQHandler
                0x08009260                TIM1_CC_IRQHandler
                0x08009260                TIM6_IRQHandler
                0x08009260                PVD_IRQHandler
                0x08009260                CAN2_RX1_IRQHandler
                0x08009260                I2C2_EV_IRQHandler
                0x08009260                CAN1_RX0_IRQHandler
                0x08009260                CAN2_SCE_IRQHandler
                0x08009260                ADC1_2_IRQHandler
                0x08009260                SPI1_IRQHandler
                0x08009260                TAMPER_IRQHandler
                0x08009260                CAN2_RX0_IRQHandler
                0x08009260                DMA2_Channel2_IRQHandler
                0x08009260                DMA1_Channel4_IRQHandler
                0x08009260                USART3_IRQHandler
                0x08009260                DMA1_Channel7_IRQHandler
                0x08009260                CAN1_RX1_IRQHandler
                0x08009260                UART5_IRQHandler
                0x08009260                TIM4_IRQHandler
                0x08009260                DMA2_Channel1_IRQHandler
                0x08009260                I2C1_EV_IRQHandler
                0x08009260                DMA1_Channel6_IRQHandler
                0x08009260                UART4_IRQHandler
                0x08009260                DMA2_Channel4_IRQHandler
                0x08009260                TIM3_IRQHandler
                0x08009260                RCC_IRQHandler
                0x08009260                TIM1_TRG_COM_IRQHandler
                0x08009260                DMA1_Channel1_IRQHandler
                0x08009260                Default_Handler
                0x08009260                TIM7_IRQHandler
                0x08009260                CAN2_TX_IRQHandler
                0x08009260                TIM5_IRQHandler
                0x08009260                ETH_WKUP_IRQHandler
                0x08009260                SPI2_IRQHandler
                0x08009260                CAN1_TX_IRQHandler
                0x08009260                DMA2_Channel5_IRQHandler
                0x08009260                DMA1_Channel5_IRQHandler
                0x08009260                EXTI4_IRQHandler
                0x08009260                DMA1_Channel3_IRQHandler
                0x08009260                TIM1_UP_IRQHandler
                0x08009260                WWDG_IRQHandler
                0x08009260                TIM1_BRK_IRQHandler
                0x08009260                EXTI1_IRQHandler
                0x08009260                RTCAlarm_IRQHandler
                0x08009260                USART2_IRQHandler
                0x08009260                I2C2_ER_IRQHandler
                0x08009260                DMA1_Channel2_IRQHandler
                0x08009260                CAN1_SCE_IRQHandler
                0x08009260                FLASH_IRQHandler
                0x08009260                USART1_IRQHandler
                0x08009260                SPI3_IRQHandler
                0x08009260                I2C1_ER_IRQHandler
                0x08009260                DMA2_Channel3_IRQHandler
 *fill*         0x08009262        0x2 
 .text.EXTI_Init
                0x08009264       0xe4 ..\obj\stm32f10x_exti.o
                0x08009264                EXTI_Init
 .text.EXTI_ClearITPendingBit
                0x08009348       0x1c ..\obj\stm32f10x_exti.o
                0x08009348                EXTI_ClearITPendingBit
 .text.NVIC_EnableIRQ
                0x08009364       0x30 ..\obj\deca_mutex.o
 .text.NVIC_DisableIRQ
                0x08009394       0x34 ..\obj\deca_mutex.o
 .text.decamutexon
                0x080093c8       0x28 ..\obj\deca_mutex.o
                0x080093c8                decamutexon
 .text.decamutexoff
                0x080093f0       0x1c ..\obj\deca_mutex.o
                0x080093f0                decamutexoff
 .text.pbuf_alloc
                0x0800940c      0x1f8 ..\obj\pbuf.o
                0x0800940c                pbuf_alloc
 .text.pbuf_realloc
                0x08009604       0xc8 ..\obj\pbuf.o
                0x08009604                pbuf_realloc
 .text.pbuf_header
                0x080096cc       0xdc ..\obj\pbuf.o
                0x080096cc                pbuf_header
 .text.pbuf_free
                0x080097a8       0xa0 ..\obj\pbuf.o
                0x080097a8                pbuf_free
 .text.pbuf_clen
                0x08009848       0x2c ..\obj\pbuf.o
                0x08009848                pbuf_clen
 .text.pbuf_ref
                0x08009874       0x24 ..\obj\pbuf.o
                0x08009874                pbuf_ref
 .text.pbuf_cat
                0x08009898       0x5c ..\obj\pbuf.o
                0x08009898                pbuf_cat
 .text.pbuf_chain
                0x080098f4       0x20 ..\obj\pbuf.o
                0x080098f4                pbuf_chain
 .text.pbuf_copy
                0x08009914      0x100 ..\obj\pbuf.o
                0x08009914                pbuf_copy
 .text.pbuf_copy_partial
                0x08009a14       0xc8 ..\obj\pbuf.o
                0x08009a14                pbuf_copy_partial
 .text.htons    0x08009adc       0x28 ..\obj\inet.o
                0x08009adc                htons
 .text.ntohs    0x08009b04       0x1c ..\obj\inet.o
                0x08009b04                ntohs
 .text.htonl    0x08009b20       0x30 ..\obj\inet.o
                0x08009b20                htonl
 .text.ntohl    0x08009b50       0x18 ..\obj\inet.o
                0x08009b50                ntohl
 .text.netif_add
                0x08009b68       0x84 ..\obj\netif.o
                0x08009b68                netif_add
 .text.netif_set_addr
                0x08009bec       0x30 ..\obj\netif.o
                0x08009bec                netif_set_addr
 .text.netif_set_ipaddr
                0x08009c1c       0xac ..\obj\netif.o
                0x08009c1c                netif_set_ipaddr
 .text.netif_set_gw
                0x08009cc8       0x28 ..\obj\netif.o
                0x08009cc8                netif_set_gw
 .text.netif_set_netmask
                0x08009cf0       0x28 ..\obj\netif.o
                0x08009cf0                netif_set_netmask
 .text.netif_set_default
                0x08009d18       0x1c ..\obj\netif.o
                0x08009d18                netif_set_default
 .text.netif_set_up
                0x08009d34       0x4c ..\obj\netif.o
                0x08009d34                netif_set_up
 .text.netif_is_up
                0x08009d80       0x28 ..\obj\netif.o
                0x08009d80                netif_is_up
 .text.InsertDelayList
                0x08009da8       0xf0 ..\obj\time.o
                0x08009da8                InsertDelayList
 .text.RemoveDelayList
                0x08009e98       0xb4 ..\obj\time.o
                0x08009e98                RemoveDelayList
 .text.CoTickDelay
                0x08009f4c       0x70 ..\obj\time.o
                0x08009f4c                CoTickDelay
 .text.TimeDispose
                0x08009fbc       0x78 ..\obj\time.o
                0x08009fbc                TimeDispose
 .text.isr_TimeDispose
                0x0800a034       0x30 ..\obj\time.o
                0x0800a034                isr_TimeDispose
 .text.CreateEventList
                0x0800a064       0x78 ..\obj\event.o
                0x0800a064                CreateEventList
 .text.CreatEvent
                0x0800a0dc       0x84 ..\obj\event.o
                0x0800a0dc                CreatEvent
 .text.EventTaskToWait
                0x0800a160      0x100 ..\obj\event.o
                0x0800a160                EventTaskToWait
 .text.EventTaskToRdy
                0x0800a260       0xcc ..\obj\event.o
                0x0800a260                EventTaskToRdy
 .text.RemoveEventWaittingList
                0x0800a32c       0x98 ..\obj\event.o
                0x0800a32c                RemoveEventWaittingList
 .text.NVIC_SetPriority
                0x0800a3c4       0x54 ..\obj\port1.o
 .text.SysTick_Config
                0x0800a418       0x44 ..\obj\port1.o
 .text.portGetTickCnt
                0x0800a45c       0x14 ..\obj\port1.o
                0x0800a45c                portGetTickCnt
 .text.Ethernet_Configuration
                0x0800a470       0xe0 ..\obj\port1.o
                0x0800a470                Ethernet_Configuration
 .text.SysTick_Configuration
                0x0800a550       0x38 ..\obj\port1.o
                0x0800a550                SysTick_Configuration
 .text.NVIC_Configuration
                0x0800a588       0x98 ..\obj\port1.o
                0x0800a588                NVIC_Configuration
 .text.EXTI_GetITEnStatus
                0x0800a620       0x3c ..\obj\port1.o
                0x0800a620                EXTI_GetITEnStatus
 .text.RCC_Configuration
                0x0800a65c       0xd8 ..\obj\port1.o
                0x0800a65c                RCC_Configuration
 .text.SPI_ChangeRate
                0x0800a734       0x38 ..\obj\port1.o
                0x0800a734                SPI_ChangeRate
 .text.SPI_Configuration
                0x0800a76c       0xa8 ..\obj\port1.o
                0x0800a76c                SPI_Configuration
 .text.GPIO_Configuration
                0x0800a814      0x148 ..\obj\port1.o
                0x0800a814                GPIO_Configuration
 .text.reset_DW1000
                0x0800a95c       0x50 ..\obj\port1.o
                0x0800a95c                reset_DW1000
 .text.peripherals_init
                0x0800a9ac       0x20 ..\obj\port1.o
                0x0800a9ac                peripherals_init
 .text.spi_peripheral_init
                0x0800a9cc        0xc ..\obj\port1.o
                0x0800a9cc                spi_peripheral_init
 .text.TIM2_IRQHandler
                0x0800a9d8       0x24 ..\obj\port1.o
                0x0800a9d8                TIM2_IRQHandler
 .text._write   0x0800a9fc       0x40 ..\obj\syscalls.o
                0x0800a9fc                _write
 .text._exit    0x0800aa3c       0x20 ..\obj\syscalls.o
                0x0800aa3c                _exit
 .text._times_r
                0x0800aa5c       0x38 ..\obj\syscalls.o
                0x0800aa5c                _times_r
 .text._getpid_r
                0x0800aa94       0x10 ..\obj\syscalls.o
                0x0800aa94                _getpid_r
 .text._kill_r  0x0800aaa4       0x24 ..\obj\syscalls.o
                0x0800aaa4                _kill_r
 .text.FLASH_SetLatency
                0x0800aac8       0x38 ..\obj\stm32f10x_flash.o
                0x0800aac8                FLASH_SetLatency
 .text.FLASH_PrefetchBufferCmd
                0x0800ab00       0x30 ..\obj\stm32f10x_flash.o
                0x0800ab00                FLASH_PrefetchBufferCmd
 .text.NMI_Handler
                0x0800ab30        0xc ..\obj\stm32f10x_it.o
                0x0800ab30                NMI_Handler
 .text.pop_registers_from_fault_stack
                0x0800ab3c       0x3c ..\obj\stm32f10x_it.o
                0x0800ab3c                pop_registers_from_fault_stack
 .text.HardFault_Handler
                0x0800ab78       0x20 ..\obj\stm32f10x_it.o
                0x0800ab78                HardFault_Handler
 .text.MemManage_Handler
                0x0800ab98        0x8 ..\obj\stm32f10x_it.o
                0x0800ab98                MemManage_Handler
 .text.BusFault_Handler
                0x0800aba0        0x8 ..\obj\stm32f10x_it.o
                0x0800aba0                BusFault_Handler
 .text.UsageFault_Handler
                0x0800aba8        0x8 ..\obj\stm32f10x_it.o
                0x0800aba8                UsageFault_Handler
 .text.SVC_Handler
                0x0800abb0        0xc ..\obj\stm32f10x_it.o
                0x0800abb0                SVC_Handler
 .text.DebugMon_Handler
                0x0800abbc        0xc ..\obj\stm32f10x_it.o
                0x0800abbc                DebugMon_Handler
 .text.RTC_IRQHandler
                0x0800abc8       0x20 ..\obj\stm32f10x_it.o
                0x0800abc8                RTC_IRQHandler
 .text.ETH_IRQHandler
                0x0800abe8       0x28 ..\obj\stm32f10x_it.o
                0x0800abe8                ETH_IRQHandler
 .text.EXTI15_10_IRQHandler
                0x0800ac10       0x14 ..\obj\stm32f10x_it.o
                0x0800ac10                EXTI15_10_IRQHandler
 .text.EXTI0_IRQHandler
                0x0800ac24       0x14 ..\obj\stm32f10x_it.o
                0x0800ac24                EXTI0_IRQHandler
 .text.EXTI3_IRQHandler
                0x0800ac38       0x14 ..\obj\stm32f10x_it.o
                0x0800ac38                EXTI3_IRQHandler
 .text.EXTI9_5_IRQHandler
                0x0800ac4c       0x14 ..\obj\stm32f10x_it.o
                0x0800ac4c                EXTI9_5_IRQHandler
 .text.OTG_FS_WKUP_IRQHandler
                0x0800ac60       0x38 ..\obj\stm32f10x_it.o
                0x0800ac60                OTG_FS_WKUP_IRQHandler
 .text.OTG_FS_IRQHandler
                0x0800ac98       0x14 ..\obj\stm32f10x_it.o
                0x0800ac98                OTG_FS_IRQHandler
 .text.USBD_StdDevReq
                0x0800acac       0xa0 ..\obj\usbd_req.o
                0x0800acac                USBD_StdDevReq
 .text.USBD_StdItfReq
                0x0800ad4c       0x68 ..\obj\usbd_req.o
                0x0800ad4c                USBD_StdItfReq
 .text.USBD_StdEPReq
                0x0800adb4      0x1b0 ..\obj\usbd_req.o
                0x0800adb4                USBD_StdEPReq
 .text.USBD_GetDescriptor
                0x0800af64      0x1a8 ..\obj\usbd_req.o
 .text.USBD_SetAddress
                0x0800b10c       0x7c ..\obj\usbd_req.o
 .text.USBD_SetConfig
                0x0800b188       0xf4 ..\obj\usbd_req.o
 .text.USBD_GetConfig
                0x0800b27c       0x60 ..\obj\usbd_req.o
 .text.USBD_GetStatus
                0x0800b2dc       0x54 ..\obj\usbd_req.o
 .text.USBD_SetFeature
                0x0800b330       0xd8 ..\obj\usbd_req.o
 .text.USBD_ClrFeature
                0x0800b408       0x50 ..\obj\usbd_req.o
 .text.USBD_ParseSetupRequest
                0x0800b458       0x90 ..\obj\usbd_req.o
                0x0800b458                USBD_ParseSetupRequest
 .text.USBD_CtlError
                0x0800b4e8       0x28 ..\obj\usbd_req.o
                0x0800b4e8                USBD_CtlError
 .text.CoPostQueueMail
                0x0800b510       0xac ..\obj\queue.o
                0x0800b510                CoPostQueueMail
 .text.IRQ_ENABLE_RESTORE
                0x0800b5bc       0x10 ..\obj\port.o
                0x0800b5bc                IRQ_ENABLE_RESTORE
 .text.IRQ_DISABLE_SAVE
                0x0800b5cc       0x10 ..\obj\port.o
                0x0800b5cc                IRQ_DISABLE_SAVE
 .text.SetEnvironment
                0x0800b5dc        0xc ..\obj\port.o
                0x0800b5dc                SetEnvironment
 .text.SwitchContext
                0x0800b5e8       0x18 ..\obj\port.o
                0x0800b5e8                SwitchContext
 .text.PendSV_Handler
                0x0800b600       0x3c ..\obj\port.o
                0x0800b600                PendSV_Handler
 .text.USBD_OTG_ISR_Handler
                0x0800b63c      0x190 ..\obj\usb_dcd_int.o
                0x0800b63c                USBD_OTG_ISR_Handler
 .text.DCD_SessionRequest_ISR
                0x0800b7cc       0x34 ..\obj\usb_dcd_int.o
 .text.DCD_OTG_ISR
                0x0800b800       0x3c ..\obj\usb_dcd_int.o
 .text.DCD_HandleResume_ISR
                0x0800b83c       0x80 ..\obj\usb_dcd_int.o
 .text.DCD_HandleUSBSuspend_ISR
                0x0800b8bc       0xbc ..\obj\usb_dcd_int.o
 .text.DCD_HandleInEP_ISR
                0x0800b978      0x19c ..\obj\usb_dcd_int.o
 .text.DCD_HandleOutEP_ISR
                0x0800bb14      0x150 ..\obj\usb_dcd_int.o
 .text.DCD_HandleSof_ISR
                0x0800bc64       0x34 ..\obj\usb_dcd_int.o
 .text.DCD_HandleRxStatusQueueLevel_ISR
                0x0800bc98      0x104 ..\obj\usb_dcd_int.o
 .text.DCD_WriteEmptyTxFifo
                0x0800bd9c      0x110 ..\obj\usb_dcd_int.o
 .text.DCD_HandleUsbReset_ISR
                0x0800beac      0x120 ..\obj\usb_dcd_int.o
 .text.DCD_HandleEnumDone_ISR
                0x0800bfcc       0x78 ..\obj\usb_dcd_int.o
 .text.DCD_IsoINIncomplete_ISR
                0x0800c044       0x34 ..\obj\usb_dcd_int.o
 .text.DCD_IsoOUTIncomplete_ISR
                0x0800c078       0x34 ..\obj\usb_dcd_int.o
 .text.DCD_ReadDevInEP
                0x0800c0ac       0x50 ..\obj\usb_dcd_int.o
 .text.CoCreateMutex
                0x0800c0fc       0x74 ..\obj\mutex.o
                0x0800c0fc                CoCreateMutex
 .text.CoEnterMutexSection
                0x0800c170      0x178 ..\obj\mutex.o
                0x0800c170                CoEnterMutexSection
 .text.CoLeaveMutexSection
                0x0800c2e8      0x134 ..\obj\mutex.o
                0x0800c2e8                CoLeaveMutexSection
 .text.RemoveMutexList
                0x0800c41c       0xf4 ..\obj\mutex.o
                0x0800c41c                RemoveMutexList
 .text.CoSetFlag
                0x0800c510       0xf8 ..\obj\flag.o
                0x0800c510                CoSetFlag
 .text.RemoveFromLink
                0x0800c608       0x54 ..\obj\flag.o
 .text.RemoveLinkNode
                0x0800c65c       0x84 ..\obj\flag.o
                0x0800c65c                RemoveLinkNode
 .text.udp_input
                0x0800c6e0      0x238 ..\obj\udp.o
                0x0800c6e0                udp_input
 .text.ip_route
                0x0800c918       0x70 ..\obj\ip.o
                0x0800c918                ip_route
 .text.ip_input
                0x0800c988      0x22c ..\obj\ip.o
                0x0800c988                ip_input
 .text.ip_output_if
                0x0800cbb4      0x194 ..\obj\ip.o
                0x0800cbb4                ip_output_if
 .text.ip_output
                0x0800cd48       0x4c ..\obj\ip.o
                0x0800cd48                ip_output
 .text.InitTaskContext
                0x0800cd94       0x4c ..\obj\arch.o
                0x0800cd94                InitTaskContext
 .text.SysTick_Handler
                0x0800cde0       0xac ..\obj\arch.o
                0x0800cde0                SysTick_Handler
 .text.icmp_input
                0x0800ce8c      0x204 ..\obj\icmp.o
                0x0800ce8c                icmp_input
 .text.icmp_dest_unreach
                0x0800d090       0x20 ..\obj\icmp.o
                0x0800d090                icmp_dest_unreach
 .text.icmp_time_exceeded
                0x0800d0b0       0x20 ..\obj\icmp.o
                0x0800d0b0                icmp_time_exceeded
 .text.icmp_send_response
                0x0800d0d0       0xa8 ..\obj\icmp.o
 .text.NVIC_PriorityGroupConfig
                0x0800d178       0x24 ..\obj\misc.o
                0x0800d178                NVIC_PriorityGroupConfig
 .text.NVIC_Init
                0x0800d19c       0xc4 ..\obj\misc.o
                0x0800d19c                NVIC_Init
 .text.DCD_EP_Open
                0x0800d260       0xb0 ..\obj\usb_dcd.o
                0x0800d260                DCD_EP_Open
 .text.DCD_EP_PrepareRx
                0x0800d310       0x84 ..\obj\usb_dcd.o
                0x0800d310                DCD_EP_PrepareRx
 .text.DCD_EP_Tx
                0x0800d394       0x78 ..\obj\usb_dcd.o
                0x0800d394                DCD_EP_Tx
 .text.DCD_EP_Stall
                0x0800d40c       0x7c ..\obj\usb_dcd.o
                0x0800d40c                DCD_EP_Stall
 .text.DCD_EP_ClrStall
                0x0800d488       0x7c ..\obj\usb_dcd.o
                0x0800d488                DCD_EP_ClrStall
 .text.DCD_EP_SetAddress
                0x0800d504       0x3c ..\obj\usb_dcd.o
                0x0800d504                DCD_EP_SetAddress
 .text.ETH_DeInit
                0x0800d540       0x1c ..\obj\stm32_eth.o
                0x0800d540                ETH_DeInit
 .text.ETH_Init
                0x0800d55c      0x35c ..\obj\stm32_eth.o
                0x0800d55c                ETH_Init
 .text.ETH_StructInit
                0x0800d8b8      0x158 ..\obj\stm32_eth.o
                0x0800d8b8                ETH_StructInit
 .text.ETH_Start
                0x0800da10       0x24 ..\obj\stm32_eth.o
                0x0800da10                ETH_Start
 .text.ETH_GetRxPktSize
                0x0800da34       0x58 ..\obj\stm32_eth.o
                0x0800da34                ETH_GetRxPktSize
 .text.ETH_ReadPHYRegister
                0x0800da8c       0x9c ..\obj\stm32_eth.o
                0x0800da8c                ETH_ReadPHYRegister
 .text.ETH_WritePHYRegister
                0x0800db28       0xa0 ..\obj\stm32_eth.o
                0x0800db28                ETH_WritePHYRegister
 .text.ETH_MACTransmissionCmd
                0x0800dbc8       0x38 ..\obj\stm32_eth.o
                0x0800dbc8                ETH_MACTransmissionCmd
 .text.ETH_MACReceptionCmd
                0x0800dc00       0x38 ..\obj\stm32_eth.o
                0x0800dc00                ETH_MACReceptionCmd
 .text.ETH_MACAddressConfig
                0x0800dc38       0x6c ..\obj\stm32_eth.o
                0x0800dc38                ETH_MACAddressConfig
 .text.ETH_DMATxDescChainInit
                0x0800dca4       0x90 ..\obj\stm32_eth.o
                0x0800dca4                ETH_DMATxDescChainInit
 .text.ETH_DMATxDescChecksumInsertionConfig
                0x0800dd34       0x20 ..\obj\stm32_eth.o
                0x0800dd34                ETH_DMATxDescChecksumInsertionConfig
 .text.ETH_DMARxDescChainInit
                0x0800dd54       0x98 ..\obj\stm32_eth.o
                0x0800dd54                ETH_DMARxDescChainInit
 .text.ETH_GetDMARxDescFrameLength
                0x0800ddec       0x1c ..\obj\stm32_eth.o
                0x0800ddec                ETH_GetDMARxDescFrameLength
 .text.ETH_DMARxDescReceiveITConfig
                0x0800de08       0x38 ..\obj\stm32_eth.o
                0x0800de08                ETH_DMARxDescReceiveITConfig
 .text.ETH_SoftwareReset
                0x0800de40       0x24 ..\obj\stm32_eth.o
                0x0800de40                ETH_SoftwareReset
 .text.ETH_GetSoftwareResetStatus
                0x0800de64       0x34 ..\obj\stm32_eth.o
                0x0800de64                ETH_GetSoftwareResetStatus
 .text.ETH_DMAClearITPendingBit
                0x0800de98       0x24 ..\obj\stm32_eth.o
                0x0800de98                ETH_DMAClearITPendingBit
 .text.ETH_FlushTransmitFIFO
                0x0800debc       0x28 ..\obj\stm32_eth.o
                0x0800debc                ETH_FlushTransmitFIFO
 .text.ETH_DMATransmissionCmd
                0x0800dee4       0x50 ..\obj\stm32_eth.o
                0x0800dee4                ETH_DMATransmissionCmd
 .text.ETH_DMAReceptionCmd
                0x0800df34       0x50 ..\obj\stm32_eth.o
                0x0800df34                ETH_DMAReceptionCmd
 .text.ETH_DMAITConfig
                0x0800df84       0x54 ..\obj\stm32_eth.o
                0x0800df84                ETH_DMAITConfig
 .text.ETH_Delay
                0x0800dfd8       0x28 ..\obj\stm32_eth.o
 .text.SPI_I2S_DeInit
                0x0800e000       0x74 ..\obj\stm32f10x_spi.o
                0x0800e000                SPI_I2S_DeInit
 .text.SPI_Init
                0x0800e074       0x88 ..\obj\stm32f10x_spi.o
                0x0800e074                SPI_Init
 .text.SPI_Cmd  0x0800e0fc       0x40 ..\obj\stm32f10x_spi.o
                0x0800e0fc                SPI_Cmd
 .text.SPI_SSOutputCmd
                0x0800e13c       0x40 ..\obj\stm32f10x_spi.o
                0x0800e13c                SPI_SSOutputCmd
 .text.CoPostSem
                0x0800e17c       0x78 ..\obj\sem.o
                0x0800e17c                CoPostSem
 .text.USBD_CtlSendData
                0x0800e1f4       0x40 ..\obj\usbd_ioreq.o
                0x0800e1f4                USBD_CtlSendData
 .text.USBD_CtlContinueSendData
                0x0800e234       0x28 ..\obj\usbd_ioreq.o
                0x0800e234                USBD_CtlContinueSendData
 .text.USBD_CtlContinueRx
                0x0800e25c       0x28 ..\obj\usbd_ioreq.o
                0x0800e25c                USBD_CtlContinueRx
 .text.USBD_CtlSendStatus
                0x0800e284       0x30 ..\obj\usbd_ioreq.o
                0x0800e284                USBD_CtlSendStatus
 .text.USBD_CtlReceiveStatus
                0x0800e2b4       0x30 ..\obj\usbd_ioreq.o
                0x0800e2b4                USBD_CtlReceiveStatus
 .text._ZL15tcp_server_recvPvP7tcp_pcbP4pbufa
                0x0800e2e4       0xd8 ..\obj\TCP_SERVER.o
 .text._ZL17tcp_server_acceptPvP7tcp_pcba
                0x0800e3bc       0x34 ..\obj\TCP_SERVER.o
 .text.TCP_server_init
                0x0800e3f0       0x40 ..\obj\TCP_SERVER.o
                0x0800e3f0                TCP_server_init
 .text.TCP_Client_Send_Data
                0x0800e430       0x30 ..\obj\TCP_SERVER.o
                0x0800e430                TCP_Client_Send_Data
 .text.Check_TCP_Connect
                0x0800e460       0x4c ..\obj\TCP_SERVER.o
                0x0800e460                Check_TCP_Connect
 .text.CoIdleTask
                0x0800e4ac        0xc ..\obj\hook.o
                0x0800e4ac                CoIdleTask
 .text.CoStkOverflowHook
                0x0800e4b8        0xc ..\obj\hook.o
                0x0800e4b8                CoStkOverflowHook
 .text.tcp_output_set_header
                0x0800e4c4       0xf0 ..\obj\tcp_out.o
 .text.tcp_send_ctrl
                0x0800e5b4       0x2c ..\obj\tcp_out.o
                0x0800e5b4                tcp_send_ctrl
 .text.tcp_write
                0x0800e5e0       0x64 ..\obj\tcp_out.o
                0x0800e5e0                tcp_write
 .text.tcp_enqueue
                0x0800e644      0x58c ..\obj\tcp_out.o
                0x0800e644                tcp_enqueue
 .text.tcp_output
                0x0800ebd0      0x380 ..\obj\tcp_out.o
                0x0800ebd0                tcp_output
 .text.tcp_output_segment
                0x0800ef50      0x148 ..\obj\tcp_out.o
 .text.tcp_rst  0x0800f098       0xf8 ..\obj\tcp_out.o
                0x0800f098                tcp_rst
 .text.tcp_rexmit
                0x0800f190       0x8c ..\obj\tcp_out.o
                0x0800f190                tcp_rexmit
 .text.raw_input
                0x0800f21c       0xac ..\obj\raw.o
                0x0800f21c                raw_input
 .text.abort    0x0800f2c8       0x10 c:/program files (x86)/gnu tools arm embedded/5.4 2016q2/bin/../lib/gcc/arm-none-eabi/5.4.1/../../../../arm-none-eabi/lib/armv7-m\libc.a(lib_a-abort.o)
                0x0800f2c8                abort
 .text.clock    0x0800f2d8       0x2c c:/program files (x86)/gnu tools arm embedded/5.4 2016q2/bin/../lib/gcc/arm-none-eabi/5.4.1/../../../../arm-none-eabi/lib/armv7-m\libc.a(lib_a-clock.o)
                0x0800f2d8                clock
 .text._raise_r
                0x0800f304       0x58 c:/program files (x86)/gnu tools arm embedded/5.4 2016q2/bin/../lib/gcc/arm-none-eabi/5.4.1/../../../../arm-none-eabi/lib/armv7-m\libc.a(lib_a-signal.o)
                0x0800f304                _raise_r
 .text.raise    0x0800f35c       0x10 c:/program files (x86)/gnu tools arm embedded/5.4 2016q2/bin/../lib/gcc/arm-none-eabi/5.4.1/../../../../arm-none-eabi/lib/armv7-m\libc.a(lib_a-signal.o)
                0x0800f35c                raise
 *(.rodata)
 .rodata        0x0800f36c       0x21 ..\obj\syscalls.o
 *(.rodata*)
 *fill*         0x0800f38d        0x3 
 .rodata.str1.4
                0x0800f390        0x2 c:/program files (x86)/gnu tools arm embedded/5.4 2016q2/bin/../lib/gcc/arm-none-eabi/5.4.1/../../../../arm-none-eabi/lib/armv7-m\libc.a(lib_a-impure.o)
 *fill*         0x0800f392        0x2 
 .rodata._global_impure_ptr
                0x0800f394        0x4 c:/program files (x86)/gnu tools arm embedded/5.4 2016q2/bin/../lib/gcc/arm-none-eabi/5.4.1/../../../../arm-none-eabi/lib/armv7-m\libc.a(lib_a-impure.o)
                0x0800f394                _global_impure_ptr
 .rodata.memp_sizes
                0x0800f398       0x12 ..\obj\memp.o
 *fill*         0x0800f3aa        0x2 
 .rodata.memp_num
                0x0800f3ac       0x12 ..\obj\memp.o
 *fill*         0x0800f3be        0x2 
 .rodata.ip_addr_any
                0x0800f3c0        0x4 ..\obj\ip_addr.o
                0x0800f3c0                ip_addr_any
 .rodata.str1.4
                0x0800f3c4       0x10 ..\obj\main.o
                                  0xf (size before relaxing)
 .rodata.ethbroadcast
                0x0800f3d4        0x6 ..\obj\etharp.o
                0x0800f3d4                ethbroadcast
 *fill*         0x0800f3da        0x2 
 .rodata.ethzero
                0x0800f3dc        0x6 ..\obj\etharp.o
                0x0800f3dc                ethzero
 *fill*         0x0800f3e2        0x2 
 .rodata.chan_idx
                0x0800f3e4        0x8 ..\obj\deca_params_init.o
                0x0800f3e4                chan_idx
 .rodata.tx_config
                0x0800f3ec       0x18 ..\obj\deca_params_init.o
                0x0800f3ec                tx_config
 .rodata.pll2_config
                0x0800f404       0x1e ..\obj\deca_params_init.o
                0x0800f404                pll2_config
 .rodata.pll2calcfg
                0x0800f422        0x1 ..\obj\deca_params_init.o
                0x0800f422                pll2calcfg
 *fill*         0x0800f423        0x1 
 .rodata.rx_config
                0x0800f424        0x2 ..\obj\deca_params_init.o
                0x0800f424                rx_config
 *fill*         0x0800f426        0x2 
 .rodata.agc_config
                0x0800f428        0x8 ..\obj\deca_params_init.o
                0x0800f428                agc_config
 .rodata.dwnsSFDlen
                0x0800f430        0x3 ..\obj\deca_params_init.o
                0x0800f430                dwnsSFDlen
 *fill*         0x0800f433        0x1 
 .rodata.sftsh  0x0800f434        0xc ..\obj\deca_params_init.o
                0x0800f434                sftsh
 .rodata.dtune1
                0x0800f440        0x4 ..\obj\deca_params_init.o
                0x0800f440                dtune1
 .rodata.digital_bb_config
                0x0800f444       0x20 ..\obj\deca_params_init.o
                0x0800f444                digital_bb_config
 .rodata.lde_replicaCoeff
                0x0800f464       0x32 ..\obj\deca_params_init.o
                0x0800f464                lde_replicaCoeff
 *(.glue_7)
 .glue_7        0x0800f496        0x0 linker stubs
 *(.glue_7t)
 .glue_7t       0x0800f496        0x0 linker stubs
 *(.eh_frame)
 *fill*         0x0800f496        0x2 
 .eh_frame      0x0800f498        0x0 c:/program files (x86)/gnu tools arm embedded/5.4 2016q2/bin/../lib/gcc/arm-none-eabi/5.4.1/armv7-m/crtbegin.o
 *(.init)
 .init          0x0800f498        0x4 c:/program files (x86)/gnu tools arm embedded/5.4 2016q2/bin/../lib/gcc/arm-none-eabi/5.4.1/armv7-m/crti.o
                0x0800f498                _init
 .init          0x0800f49c        0x8 c:/program files (x86)/gnu tools arm embedded/5.4 2016q2/bin/../lib/gcc/arm-none-eabi/5.4.1/armv7-m/crtn.o
 *(.fini)
 .fini          0x0800f4a4        0x4 c:/program files (x86)/gnu tools arm embedded/5.4 2016q2/bin/../lib/gcc/arm-none-eabi/5.4.1/armv7-m/crti.o
                0x0800f4a4                _fini
 .fini          0x0800f4a8        0x8 c:/program files (x86)/gnu tools arm embedded/5.4 2016q2/bin/../lib/gcc/arm-none-eabi/5.4.1/armv7-m/crtn.o
                0x0800f4b0                . = ALIGN (0x4)
                0x0800f4b0                _etext = .

.vfp11_veneer   0x0800f4b0        0x0
 .vfp11_veneer  0x0800f4b0        0x0 linker stubs

.v4_bx          0x0800f4b0        0x0
 .v4_bx         0x0800f4b0        0x0 linker stubs

.iplt           0x0800f4b0        0x0
 .iplt          0x0800f4b0        0x0 c:/program files (x86)/gnu tools arm embedded/5.4 2016q2/bin/../lib/gcc/arm-none-eabi/5.4.1/armv7-m/crtbegin.o

.ARM.extab      0x0800f4b0       0x48
 *(.ARM.extab* .gnu.linkonce.armextab.*)
 .ARM.extab.text._ZL15tcp_server_recvPvP7tcp_pcbP4pbufa
                0x0800f4b0        0xc ..\obj\TCP_SERVER.o
 .ARM.extab.text._ZL17tcp_server_acceptPvP7tcp_pcba
                0x0800f4bc        0xc ..\obj\TCP_SERVER.o
 .ARM.extab.text.TCP_server_init
                0x0800f4c8        0xc ..\obj\TCP_SERVER.o
 .ARM.extab.text.TCP_Client_Send_Data
                0x0800f4d4        0xc ..\obj\TCP_SERVER.o
 .ARM.extab     0x0800f4e0       0x18 c:/program files (x86)/gnu tools arm embedded/5.4 2016q2/bin/../lib/gcc/arm-none-eabi/5.4.1/armv7-m\libgcc.a(pr-support.o)

.ARM            0x0800f4f8       0xe0
                0x0800f4f8                __exidx_start = .
 *(.ARM.exidx*)
 .ARM.exidx.text._ZL15tcp_server_recvPvP7tcp_pcbP4pbufa
                0x0800f5b0        0x8 ..\obj\TCP_SERVER.o
 .ARM.exidx.text._ZL17tcp_server_acceptPvP7tcp_pcba
                0x0800f5b8        0x8 ..\obj\TCP_SERVER.o
 .ARM.exidx.text.TCP_server_init
                0x0800f5c0        0x8 ..\obj\TCP_SERVER.o
 .ARM.exidx.text.TCP_Client_Send_Data
                0x0800f5c8        0x8 ..\obj\TCP_SERVER.o
 .ARM.exidx.text.Check_TCP_Connect
                0x0800f5d0        0x8 ..\obj\TCP_SERVER.o
 .ARM.exidx     0x0800f4f8       0x80 c:/program files (x86)/gnu tools arm embedded/5.4 2016q2/bin/../lib/gcc/arm-none-eabi/5.4.1/armv7-m\libgcc.a(unwind-arm.o)
                                 0xd8 (size before relaxing)
 .ARM.exidx     0x0800f578       0x38 c:/program files (x86)/gnu tools arm embedded/5.4 2016q2/bin/../lib/gcc/arm-none-eabi/5.4.1/armv7-m\libgcc.a(pr-support.o)
                                 0x48 (size before relaxing)
                0x0800f5d8                __exidx_end = .

.rel.dyn        0x0800f5d8        0x0
 .rel.iplt      0x0800f5d8        0x0 c:/program files (x86)/gnu tools arm embedded/5.4 2016q2/bin/../lib/gcc/arm-none-eabi/5.4.1/armv7-m/crtbegin.o

.preinit_array  0x0800f5d8        0x0
                0x0800f5d8                PROVIDE (__preinit_array_start, .)
 *(.preinit_array*)
                0x0800f5d8                PROVIDE (__preinit_array_end, .)

.init_array     0x0800f5d8        0x8
                0x0800f5d8                PROVIDE (__init_array_start, .)
 *(SORT(.init_array.*))
 .init_array.00000
                0x0800f5d8        0x4 c:/program files (x86)/gnu tools arm embedded/5.4 2016q2/bin/../lib/gcc/arm-none-eabi/5.4.1/../../../../arm-none-eabi/lib/armv7-m\libc.a(lib_a-__call_atexit.o)
 *(.init_array*)
 .init_array    0x0800f5dc        0x4 c:/program files (x86)/gnu tools arm embedded/5.4 2016q2/bin/../lib/gcc/arm-none-eabi/5.4.1/armv7-m/crtbegin.o
                0x0800f5e0                PROVIDE (__init_array_end, .)

.fini_array     0x0800f5e0        0x4
                0x0800f5e0                PROVIDE (__fini_array_start, .)
 *(.fini_array*)
 .fini_array    0x0800f5e0        0x4 c:/program files (x86)/gnu tools arm embedded/5.4 2016q2/bin/../lib/gcc/arm-none-eabi/5.4.1/armv7-m/crtbegin.o
 *(SORT(.fini_array.*))
                0x0800f5e4                PROVIDE (__fini_array_end, .)
                0x0800f5e4                _sidata = .

.data           0x20000000      0x4ac load address 0x0800f5e4
                0x20000000                . = ALIGN (0x4)
                0x20000000                _sdata = .
 *(.data)
 *(.data*)
 .data.impure_data
                0x20000000      0x428 c:/program files (x86)/gnu tools arm embedded/5.4 2016q2/bin/../lib/gcc/arm-none-eabi/5.4.1/../../../../arm-none-eabi/lib/armv7-m\libc.a(lib_a-impure.o)
 .data._impure_ptr
                0x20000428        0x4 c:/program files (x86)/gnu tools arm embedded/5.4 2016q2/bin/../lib/gcc/arm-none-eabi/5.4.1/../../../../arm-none-eabi/lib/armv7-m\libc.a(lib_a-impure.o)
                0x20000428                _impure_ptr
 .data.port.5226
                0x2000042c        0x2 ..\obj\tcp.o
 *fill*         0x2000042e        0x2 
 .data.iss.5387
                0x20000430        0x4 ..\obj\tcp.o
 .data.SystemCoreClock
                0x20000434        0x4 ..\obj\system_stm32f10x.o
                0x20000434                SystemCoreClock
 .data.USBD_DCD_INT_cb
                0x20000438       0x2c ..\obj\usbd_core.o
                0x20000438                USBD_DCD_INT_cb
 .data.USBD_DCD_INT_fops
                0x20000464        0x4 ..\obj\usbd_core.o
                0x20000464                USBD_DCD_INT_fops
 .data.remoteIp
                0x20000468        0x4 ..\obj\main.o
                0x20000468                remoteIp
 .data.tx_resp_msg
                0x2000046c       0x17 ..\obj\main.o
 *fill*         0x20000483        0x1 
 .data.config   0x20000484        0xc ..\obj\main.o
 .data.APBAHBPrescTable
                0x20000490       0x10 ..\obj\stm32f10x_rcc.o
 .data.ADCPrescTable
                0x200004a0        0x4 ..\obj\stm32f10x_rcc.o
 .data.NVIC_INT_CTRL
                0x200004a4        0x4 ..\obj\port.o
                0x200004a4                NVIC_INT_CTRL
 .data.NVIC_PENDSVSET
                0x200004a8        0x4 ..\obj\port.o
                0x200004a8                NVIC_PENDSVSET
                0x200004ac                . = ALIGN (0x4)
                0x200004ac                _edata = .

.jcr            0x200004ac        0x0 load address 0x0800fa90
 .jcr           0x200004ac        0x0 c:/program files (x86)/gnu tools arm embedded/5.4 2016q2/bin/../lib/gcc/arm-none-eabi/5.4.1/armv7-m/crtbegin.o

.igot.plt       0x200004ac        0x0 load address 0x0800fa90
 .igot.plt      0x200004ac        0x0 c:/program files (x86)/gnu tools arm embedded/5.4 2016q2/bin/../lib/gcc/arm-none-eabi/5.4.1/armv7-m/crtbegin.o
                0x200004ac                . = ALIGN (0x4)

.bss            0x200004b0     0xe364 load address 0x0800fa98
                0x200004b0                _sbss = .
                0x200004b0                __bss_start__ = _sbss
 *(.bss)
 .bss           0x200004b0       0x1c c:/program files (x86)/gnu tools arm embedded/5.4 2016q2/bin/../lib/gcc/arm-none-eabi/5.4.1/armv7-m/crtbegin.o
 *(.bss*)
 .bss.ram_heap  0x200004cc     0x1014 ..\obj\mem.o
 .bss.ram       0x200014e0        0x4 ..\obj\mem.o
 .bss.ram_end   0x200014e4        0x4 ..\obj\mem.o
 .bss.lfree     0x200014e8        0x4 ..\obj\mem.o
 .bss.mem_sem   0x200014ec        0x1 ..\obj\mem.o
 *fill*         0x200014ed        0x3 
 .bss.KernelHeap
                0x200014f0       0xc8 ..\obj\kernelHeap.o
                0x200014f0                KernelHeap
 .bss.FMBlist   0x200015b8        0x4 ..\obj\kernelHeap.o
                0x200015b8                FMBlist
 .bss.Kheap     0x200015bc        0x8 ..\obj\kernelHeap.o
                0x200015bc                Kheap
 .bss.OSIntNesting
                0x200015c4        0x1 ..\obj\core.o
                0x200015c4                OSIntNesting
 .bss.OSSchedLock
                0x200015c5        0x1 ..\obj\core.o
                0x200015c5                OSSchedLock
 .bss.TaskSchedReq
                0x200015c6        0x1 ..\obj\core.o
                0x200015c6                TaskSchedReq
 *fill*         0x200015c7        0x1 
 .bss.TmrTbl    0x200015c8       0x30 ..\obj\timer.o
                0x200015c8                TmrTbl
 .bss.TmrList   0x200015f8        0x4 ..\obj\timer.o
                0x200015f8                TmrList
 .bss.inseg     0x200015fc       0x14 ..\obj\tcp_in.o
 .bss.tcphdr    0x20001610        0x4 ..\obj\tcp_in.o
 .bss.iphdr     0x20001614        0x4 ..\obj\tcp_in.o
 .bss.seqno     0x20001618        0x4 ..\obj\tcp_in.o
 .bss.ackno     0x2000161c        0x4 ..\obj\tcp_in.o
 .bss.flags     0x20001620        0x1 ..\obj\tcp_in.o
 *fill*         0x20001621        0x1 
 .bss.tcplen    0x20001622        0x2 ..\obj\tcp_in.o
 .bss.recv_flags
                0x20001624        0x1 ..\obj\tcp_in.o
 *fill*         0x20001625        0x3 
 .bss.recv_data
                0x20001628        0x4 ..\obj\tcp_in.o
 .bss.memp_tab  0x2000162c       0x24 ..\obj\memp.o
 .bss.memp_memory
                0x20001650     0x468b ..\obj\memp.o
 *fill*         0x20005cdb        0x1 
 .bss.reassdatagrams
                0x20005cdc        0x4 ..\obj\ip_frag.o
 .bss.ip_reass_pbufcount
                0x20005ce0        0x2 ..\obj\ip_frag.o
 *fill*         0x20005ce2        0x2 
 .bss.buf       0x20005ce4      0x5e0 ..\obj\ip_frag.o
 .bss.dw1000local
                0x200062c4       0x90 ..\obj\deca_device.o
 .bss.TCBTbl    0x20006354      0x108 ..\obj\task.o
                0x20006354                TCBTbl
 .bss.idle_stk  0x2000645c       0x64 ..\obj\task.o
                0x2000645c                idle_stk
 .bss.FreeTCB   0x200064c0        0x4 ..\obj\task.o
                0x200064c0                FreeTCB
 .bss.TCBRdy    0x200064c4        0x4 ..\obj\task.o
                0x200064c4                TCBRdy
 .bss.TCBNext   0x200064c8        0x4 ..\obj\task.o
                0x200064c8                TCBNext
 .bss.TCBRunning
                0x200064cc        0x4 ..\obj\task.o
                0x200064cc                TCBRunning
 .bss.OSCheckTime
                0x200064d0        0x8 ..\obj\task.o
                0x200064d0                OSCheckTime
 .bss.ServiceReq
                0x200064d8       0x2c ..\obj\serviceReq.o
                0x200064d8                ServiceReq
 .bss.IsrReq    0x20006504        0x1 ..\obj\serviceReq.o
                0x20006504                IsrReq
 .bss.TimeReq   0x20006505        0x1 ..\obj\serviceReq.o
                0x20006505                TimeReq
 .bss.TimerReq  0x20006506        0x1 ..\obj\serviceReq.o
                0x20006506                TimerReq
 *fill*         0x20006507        0x1 
 .bss.LocalTime
                0x20006508        0x4 ..\obj\main.o
                0x20006508                LocalTime
 .bss.status_reg
                0x2000650c        0x4 ..\obj\main.o
 .bss.arp_table
                0x20006510       0xc8 ..\obj\etharp.o
 .bss.etharp_cached_entry
                0x200065d8        0x1 ..\obj\etharp.o
 .bss.netifnum.4814
                0x200065d9        0x1 ..\obj\netif.o
 *fill*         0x200065da        0x2 
 .bss.DlyList   0x200065dc        0x4 ..\obj\time.o
                0x200065dc                DlyList
 .bss.EventTbl  0x200065e0      0x140 ..\obj\event.o
                0x200065e0                EventTbl
 .bss.FreeEventList
                0x20006720        0x4 ..\obj\event.o
                0x20006720                FreeEventList
 .bss.USBD_ep_status
                0x20006724        0x4 ..\obj\usbd_req.o
                0x20006724                USBD_ep_status
 .bss.USBD_default_cfg
                0x20006728        0x4 ..\obj\usbd_req.o
                0x20006728                USBD_default_cfg
 .bss.USBD_cfg_status
                0x2000672c        0x4 ..\obj\usbd_req.o
                0x2000672c                USBD_cfg_status
 .bss.cfgidx.7226
                0x20006730        0x1 ..\obj\usbd_req.o
 .bss.MutexFreeID
                0x20006731        0x1 ..\obj\mutex.o
                0x20006731                MutexFreeID
 *fill*         0x20006732        0x2 
 .bss.MutexTbl  0x20006734       0x50 ..\obj\mutex.o
                0x20006734                MutexTbl
 .bss.FlagCrl   0x20006784       0x14 ..\obj\flag.o
                0x20006784                FlagCrl
 .bss.current_netif
                0x20006798        0x4 ..\obj\ip.o
 .bss.current_header
                0x2000679c        0x4 ..\obj\ip.o
 .bss.ip_id.5247
                0x200067a0        0x2 ..\obj\ip.o
 *fill*         0x200067a2        0x6 
 .bss.OSTickCnt
                0x200067a8        0x8 ..\obj\arch.o
                0x200067a8                OSTickCnt
 .bss.tcp_server_recvbuf
                0x200067b0      0x7d0 ..\obj\TCP_SERVER.o
                0x200067b0                tcp_server_recvbuf
 .bss.connect_flag
                0x20006f80        0x1 ..\obj\TCP_SERVER.o
                0x20006f80                connect_flag
 *fill*         0x20006f81        0x3 
 .bss.raw_pcbs  0x20006f84        0x4 ..\obj\raw.o
 *(COMMON)
 COMMON         0x20006f88       0x18 ..\obj\tcp.o
                0x20006f88                tcp_active_pcbs
                0x20006f8c                tcp_ticks
                0x20006f90                tcp_listen_pcbs
                0x20006f94                tcp_tmp_pcb
                0x20006f98                tcp_bound_pcbs
                0x20006f9c                tcp_tw_pcbs
 COMMON         0x20006fa0        0x4 ..\obj\tcp_in.o
                0x20006fa0                tcp_input_pcb
 COMMON         0x20006fa4        0x4 ..\obj\usbd_core.o
                0x20006fa4                SET_TEST_MODE
 COMMON         0x20006fa8      0xf84 ..\obj\main.o
                0x20006fa8                connect
                0x20006fac                taskB_stk
                0x200071ac                mailbox
                0x200071ad                mutexId
                0x200071b0                taskC_stk
                0x200073b0                rfDelaysTREK
                0x200073b4                TaskBID
                0x200073b5                TaskNID
                0x200073b8                rfDelays
                0x200073bc                taskA_stk
                0x200075c0                instance_data
                0x20007cc0                txSpectrumConfig
                0x20007d20                TaskAID
                0x20007d24                timingdelay
                0x20007d28                TaskCID
                0x20007d2c                TaskN_stk
 COMMON         0x20007f2c       0x30 ..\obj\netconf.o
                0x20007f2c                netif
 COMMON         0x20007f5c     0x2410 ..\obj\ethernetif.o
                0x20007f5c                tcp_end_time
                0x20007f60                arp_end_time
                0x20007f64                DMATxDscrTab
                0x20007f84                Rx_Buff
                0x20009744                MACaddr
                0x2000974c                DMARxDscrTab
                0x2000978c                Tx_Buff
 COMMON         0x2000a36c     0x4484 ..\obj\deca_usb.o
                0x2000a36c                s1configswitch
                0x2000a370                version
                0x2000a374                version_size
                0x2000a378                tx_buff
                0x2000c2b8                USB_OTG_dev
                0x2000c8ac                pcb
                0x2000c8b0                local_buff
 COMMON         0x2000e7f0        0x8 ..\obj\netif.o
                0x2000e7f0                netif_list
                0x2000e7f4                netif_default
 COMMON         0x2000e7f8        0x4 ..\obj\udp.o
                0x2000e7f8                udp_pcbs
 COMMON         0x2000e7fc        0x4 ..\obj\arch.o
                0x2000e7fc                time32_incr
 COMMON         0x2000e800       0x10 ..\obj\stm32_eth.o
                0x2000e800                DMAPTPRxDescToGet
                0x2000e804                DMARxDescToGet
                0x2000e808                DMATxDescToSet
                0x2000e80c                DMAPTPTxDescToSet
 COMMON         0x2000e810        0x4 c:/program files (x86)/gnu tools arm embedded/5.4 2016q2/bin/../lib/gcc/arm-none-eabi/5.4.1/../../../../arm-none-eabi/lib/armv7-m\libc.a(lib_a-reent.o)
                0x2000e810                errno
                0x2000e814                . = ALIGN (0x4)
                0x2000e814                _ebss = .
                0x2000e814                __bss_end__ = _ebss
                [!provide]                PROVIDE (end, _ebss)
                [!provide]                PROVIDE (_end, _ebss)

._user_heap_stack
                0x2000e814     0x1000 load address 0x0801ddfc
                0x2000e814                . = ALIGN (0x4)
                0x2000e814                _user_heap_start = .
                0x2000f014                . = (. + _Min_Heap_Size)
 *fill*         0x2000e814      0x800 
                0x2000f014                _user_heap_end = .
                0x2000f814                . = (. + _Min_Stack_Size)
 *fill*         0x2000f014      0x800 
                0x2000f814                . = ALIGN (0x4)
                [!provide]                PROVIDE (heap_start, _user_heap_start)
                [!provide]                PROVIDE (_heap_start, _user_heap_start)
                [!provide]                PROVIDE (heap_end, _user_heap_end)
                [!provide]                PROVIDE (_heap_end, _user_heap_end)

.memory_b1_text
 *(.mb1text)
 *(.mb1text*)
 *(.mb1rodata)
 *(.mb1rodata*)

/DISCARD/
 libc.a(*)
 libm.a(*)
 libgcc.a(*)

.ARM.attributes
                0x00000000       0x29
 *(.ARM.attributes)
 .ARM.attributes
                0x00000000       0x1d c:/program files (x86)/gnu tools arm embedded/5.4 2016q2/bin/../lib/gcc/arm-none-eabi/5.4.1/armv7-m/crti.o
 .ARM.attributes
                0x0000001d       0x2d c:/program files (x86)/gnu tools arm embedded/5.4 2016q2/bin/../lib/gcc/arm-none-eabi/5.4.1/armv7-m/crtbegin.o
 .ARM.attributes
                0x0000004a       0x33 ..\obj\stm32f10x_rtc.o
 .ARM.attributes
                0x0000007d       0x33 ..\obj\usb_core.o
 .ARM.attributes
                0x000000b0       0x33 ..\obj\mem.o
 .ARM.attributes
                0x000000e3       0x33 ..\obj\stm32f10x_tim.o
 .ARM.attributes
                0x00000116       0x33 ..\obj\kernelHeap.o
 .ARM.attributes
                0x00000149       0x33 ..\obj\tcp.o
 .ARM.attributes
                0x0000017c       0x33 ..\obj\core.o
 .ARM.attributes
                0x000001af       0x33 ..\obj\unistd.o
 .ARM.attributes
                0x000001e2       0x33 ..\obj\timer.o
 .ARM.attributes
                0x00000215       0x33 ..\obj\deca_usb_bsp_evk1000.o
 .ARM.attributes
                0x00000248       0x33 ..\obj\tcp_in.o
 .ARM.attributes
                0x0000027b       0x33 ..\obj\system_stm32f10x.o
 .ARM.attributes
                0x000002ae       0x33 ..\obj\memp.o
 .ARM.attributes
                0x000002e1       0x33 ..\obj\ip_frag.o
 .ARM.attributes
                0x00000314       0x33 ..\obj\deca_device.o
 .ARM.attributes
                0x00000347       0x33 ..\obj\deca_spi.o
 .ARM.attributes
                0x0000037a       0x33 ..\obj\task.o
 .ARM.attributes
                0x000003ad       0x33 ..\obj\stm32f10x_gpio.o
 .ARM.attributes
                0x000003e0       0x33 ..\obj\serviceReq.o
 .ARM.attributes
                0x00000413       0x33 ..\obj\ip_addr.o
 .ARM.attributes
                0x00000446       0x33 ..\obj\inet_chksum.o
 .ARM.attributes
                0x00000479       0x33 ..\obj\usbd_core.o
 .ARM.attributes
                0x000004ac       0x33 ..\obj\main.o
 .ARM.attributes
                0x000004df       0x33 ..\obj\netconf.o
 .ARM.attributes
                0x00000512       0x33 ..\obj\ethernetif.o
 .ARM.attributes
                0x00000545       0x33 ..\obj\stm32f10x_rcc.o
 .ARM.attributes
                0x00000578       0x33 ..\obj\mbox.o
 .ARM.attributes
                0x000005ab       0x33 ..\obj\etharp.o
 .ARM.attributes
                0x000005de       0x21 ..\obj\startup_stm32f10x_cl.o
 .ARM.attributes
                0x000005ff       0x33 ..\obj\stm32f10x_exti.o
 .ARM.attributes
                0x00000632       0x33 ..\obj\deca_mutex.o
 .ARM.attributes
                0x00000665       0x33 ..\obj\deca_usb.o
 .ARM.attributes
                0x00000698       0x33 ..\obj\pbuf.o
 .ARM.attributes
                0x000006cb       0x33 ..\obj\inet.o
 .ARM.attributes
                0x000006fe       0x33 ..\obj\netif.o
 .ARM.attributes
                0x00000731       0x33 ..\obj\time.o
 .ARM.attributes
                0x00000764       0x33 ..\obj\event.o
 .ARM.attributes
                0x00000797       0x33 ..\obj\port1.o
 .ARM.attributes
                0x000007ca       0x33 ..\obj\syscalls.o
 .ARM.attributes
                0x000007fd       0x33 ..\obj\stm32f10x_flash.o
 .ARM.attributes
                0x00000830       0x33 ..\obj\stm32f10x_it.o
 .ARM.attributes
                0x00000863       0x33 ..\obj\usbd_req.o
 .ARM.attributes
                0x00000896       0x33 ..\obj\queue.o
 .ARM.attributes
                0x000008c9       0x33 ..\obj\port.o
 .ARM.attributes
                0x000008fc       0x33 ..\obj\usb_dcd_int.o
 .ARM.attributes
                0x0000092f       0x33 ..\obj\mutex.o
 .ARM.attributes
                0x00000962       0x33 ..\obj\flag.o
 .ARM.attributes
                0x00000995       0x33 ..\obj\udp.o
 .ARM.attributes
                0x000009c8       0x33 ..\obj\ip.o
 .ARM.attributes
                0x000009fb       0x33 ..\obj\arch.o
 .ARM.attributes
                0x00000a2e       0x33 ..\obj\icmp.o
 .ARM.attributes
                0x00000a61       0x33 ..\obj\misc.o
 .ARM.attributes
                0x00000a94       0x33 ..\obj\usb_dcd.o
 .ARM.attributes
                0x00000ac7       0x33 ..\obj\stm32_eth.o
 .ARM.attributes
                0x00000afa       0x33 ..\obj\stm32f10x_spi.o
 .ARM.attributes
                0x00000b2d       0x33 ..\obj\sem.o
 .ARM.attributes
                0x00000b60       0x33 ..\obj\deca_params_init.o
 .ARM.attributes
                0x00000b93       0x33 ..\obj\usbd_ioreq.o
 .ARM.attributes
                0x00000bc6       0x33 ..\obj\TCP_SERVER.o
 .ARM.attributes
                0x00000bf9       0x33 ..\obj\hook.o
 .ARM.attributes
                0x00000c2c       0x33 ..\obj\tcp_out.o
 .ARM.attributes
                0x00000c5f       0x33 ..\obj\raw.o
 .ARM.attributes
                0x00000c92       0x2d c:/program files (x86)/gnu tools arm embedded/5.4 2016q2/bin/../lib/gcc/arm-none-eabi/5.4.1/../../../../arm-none-eabi/lib/armv7-m\libc.a(lib_a-clock.o)
 .ARM.attributes
                0x00000cbf       0x1b c:/program files (x86)/gnu tools arm embedded/5.4 2016q2/bin/../lib/gcc/arm-none-eabi/5.4.1/../../../../arm-none-eabi/lib/armv7-m\libc.a(lib_a-memcpy.o)
 .ARM.attributes
                0x00000cda       0x1d c:/program files (x86)/gnu tools arm embedded/5.4 2016q2/bin/../lib/gcc/arm-none-eabi/5.4.1/armv7-m/crtn.o
LOAD ..\obj\stm32f10x_rtc.o
LOAD ..\obj\usb_core.o
LOAD ..\obj\mem.o
LOAD ..\obj\stm32f10x_tim.o
LOAD ..\obj\kernelHeap.o
LOAD ..\obj\tcp.o
LOAD ..\obj\core.o
LOAD ..\obj\unistd.o
LOAD ..\obj\core_cm3.o
LOAD ..\obj\usbd_usr.o
LOAD ..\obj\err.o
LOAD ..\obj\timer.o
LOAD ..\obj\deca_usb_bsp_evk1000.o
LOAD ..\obj\utility.o
LOAD ..\obj\tcp_in.o
LOAD ..\obj\stm32f10x_dbgmcu.o
LOAD ..\obj\system_stm32f10x.o
LOAD ..\obj\memp.o
LOAD ..\obj\autoip.o
LOAD ..\obj\ip_frag.o
LOAD ..\obj\netbuf.o
LOAD ..\obj\tcpip.o
LOAD ..\obj\deca_device.o
LOAD ..\obj\deca_spi.o
LOAD ..\obj\stm32f10x_fsmc.o
LOAD ..\obj\stm32f10x_pwr.o
LOAD ..\obj\task.o
LOAD ..\obj\stm32f10x_can.o
LOAD ..\obj\stm32f10x_gpio.o
LOAD ..\obj\serviceReq.o
LOAD ..\obj\sys.o
LOAD ..\obj\ip_addr.o
LOAD ..\obj\stm32f10x_dac.o
LOAD ..\obj\inet_chksum.o
LOAD ..\obj\usbd_core.o
LOAD ..\obj\main.o
LOAD ..\obj\netconf.o
LOAD ..\obj\netdb.o
LOAD ..\obj\stm32f10x_crc.o
LOAD ..\obj\init.o
LOAD ..\obj\ethernetif.o
LOAD ..\obj\stm32f10x_rcc.o
LOAD ..\obj\mbox.o
LOAD ..\obj\etharp.o
LOAD ..\obj\startup_stm32f10x_cl.o
LOAD ..\obj\mm.o
LOAD ..\obj\stm32f10x_exti.o
LOAD ..\obj\stm32f10x_adc.o
LOAD ..\obj\usbd_desc.o
LOAD ..\obj\deca_mutex.o
LOAD ..\obj\stm32f10x_usart.o
LOAD ..\obj\deca_usb.o
LOAD ..\obj\pbuf.o
LOAD ..\obj\stats.o
LOAD ..\obj\inet.o
LOAD ..\obj\dma_spi.o
LOAD ..\obj\netif.o
LOAD ..\obj\time.o
LOAD ..\obj\api_msg.o
LOAD ..\obj\event.o
LOAD ..\obj\port1.o
LOAD ..\obj\syscalls.o
LOAD ..\obj\stm32f10x_flash.o
LOAD ..\obj\stm32f10x_it.o
LOAD ..\obj\stm32f10x_cec.o
LOAD ..\obj\usbd_req.o
LOAD ..\obj\queue.o
LOAD ..\obj\port.o
LOAD ..\obj\usb_dcd_int.o
LOAD ..\obj\mutex.o
LOAD ..\obj\flag.o
LOAD ..\obj\igmp.o
LOAD ..\obj\stm32f10x_sdio.o
LOAD ..\obj\usbd_cdc_core.o
LOAD ..\obj\stm32f10x_dma.o
LOAD ..\obj\usb_hcd.o
LOAD ..\obj\udp.o
LOAD ..\obj\ip.o
LOAD ..\obj\arch.o
LOAD ..\obj\icmp.o
LOAD ..\obj\netifapi.o
LOAD ..\obj\misc.o
LOAD ..\obj\usb_dcd.o
LOAD ..\obj\api_lib.o
LOAD ..\obj\stm32_eth.o
LOAD ..\obj\stm32f10x_wwdg.o
LOAD ..\obj\stm32f10x_spi.o
LOAD ..\obj\dhcp.o
LOAD ..\obj\stm32f10x_i2c.o
LOAD ..\obj\sem.o
LOAD ..\obj\deca_params_init.o
LOAD ..\obj\usbd_ioreq.o
LOAD ..\obj\TCP_SERVER.o
LOAD ..\obj\hook.o
LOAD ..\obj\deca_range_tables.o
LOAD ..\obj\stm32f10x_bkp.o
LOAD ..\obj\tcp_out.o
LOAD ..\obj\raw.o
LOAD ..\obj\usb_hcd_int.o
LOAD ..\obj\stm32f10x_iwdg.o
LOAD c:/program files (x86)/gnu tools arm embedded/5.4 2016q2/bin/../lib/gcc/arm-none-eabi/5.4.1/../../../../arm-none-eabi/lib/armv7-m\libm.a
LOAD c:/program files (x86)/gnu tools arm embedded/5.4 2016q2/bin/../lib/gcc/arm-none-eabi/5.4.1/armv7-m\libgcc.a
LOAD c:/program files (x86)/gnu tools arm embedded/5.4 2016q2/bin/../lib/gcc/arm-none-eabi/5.4.1/../../../../arm-none-eabi/lib/armv7-m\libc.a
LOAD c:/program files (x86)/gnu tools arm embedded/5.4 2016q2/bin/../lib/gcc/arm-none-eabi/5.4.1/../../../../arm-none-eabi/lib/armv7-m\libstdc++.a
START GROUP
LOAD c:/program files (x86)/gnu tools arm embedded/5.4 2016q2/bin/../lib/gcc/arm-none-eabi/5.4.1/armv7-m\libgcc.a
LOAD c:/program files (x86)/gnu tools arm embedded/5.4 2016q2/bin/../lib/gcc/arm-none-eabi/5.4.1/../../../../arm-none-eabi/lib/armv7-m\libg.a
LOAD c:/program files (x86)/gnu tools arm embedded/5.4 2016q2/bin/../lib/gcc/arm-none-eabi/5.4.1/../../../../arm-none-eabi/lib/armv7-m\libc.a
END GROUP
LOAD c:/program files (x86)/gnu tools arm embedded/5.4 2016q2/bin/../lib/gcc/arm-none-eabi/5.4.1/armv7-m/crtend.o
LOAD c:/program files (x86)/gnu tools arm embedded/5.4 2016q2/bin/../lib/gcc/arm-none-eabi/5.4.1/armv7-m/crtn.o
OUTPUT(TREK1000.elf elf32-littlearm)

.debug_info     0x00000000    0x24725
 .debug_info    0x00000000      0x426 ..\obj\stm32f10x_rtc.o
 .debug_info    0x00000426     0x248a ..\obj\usb_core.o
 .debug_info    0x000028b0      0x348 ..\obj\mem.o
 .debug_info    0x00002bf8     0x1c4a ..\obj\stm32f10x_tim.o
 .debug_info    0x00004842      0x2d3 ..\obj\kernelHeap.o
 .debug_info    0x00004b15     0x10c2 ..\obj\tcp.o
 .debug_info    0x00005bd7      0x2c9 ..\obj\core.o
 .debug_info    0x00005ea0      0x130 ..\obj\unistd.o
 .debug_info    0x00005fd0      0x3bf ..\obj\timer.o
 .debug_info    0x0000638f      0xf5b ..\obj\deca_usb_bsp_evk1000.o
 .debug_info    0x000072ea      0xba9 ..\obj\tcp_in.o
 .debug_info    0x00007e93      0x49d ..\obj\system_stm32f10x.o
 .debug_info    0x00008330      0x25f ..\obj\memp.o
 .debug_info    0x0000858f      0x88e ..\obj\ip_frag.o
 .debug_info    0x00008e1d     0x19e4 ..\obj\deca_device.o
 .debug_info    0x0000a801      0x3a9 ..\obj\deca_spi.o
 .debug_info    0x0000abaa      0x6d7 ..\obj\task.o
 .debug_info    0x0000b281      0x6e0 ..\obj\stm32f10x_gpio.o
 .debug_info    0x0000b961      0x1e5 ..\obj\serviceReq.o
 .debug_info    0x0000bb46      0x2b1 ..\obj\ip_addr.o
 .debug_info    0x0000bdf7      0x295 ..\obj\inet_chksum.o
 .debug_info    0x0000c08c     0x1051 ..\obj\usbd_core.o
 .debug_info    0x0000d0dd     0x149c ..\obj\main.o
 .debug_info    0x0000e579      0x50a ..\obj\netconf.o
 .debug_info    0x0000ea83      0xbd0 ..\obj\ethernetif.o
 .debug_info    0x0000f653      0xa93 ..\obj\stm32f10x_rcc.o
 .debug_info    0x000100e6      0x411 ..\obj\mbox.o
 .debug_info    0x000104f7      0xb56 ..\obj\etharp.o
 .debug_info    0x0001104d       0xd3 ..\obj\startup_stm32f10x_cl.o
 .debug_info    0x00011120      0x33b ..\obj\stm32f10x_exti.o
 .debug_info    0x0001145b      0x459 ..\obj\deca_mutex.o
 .debug_info    0x000118b4     0x23f4 ..\obj\deca_usb.o
 .debug_info    0x00013ca8      0x676 ..\obj\pbuf.o
 .debug_info    0x0001431e      0x2c8 ..\obj\inet.o
 .debug_info    0x000145e6      0xaa3 ..\obj\netif.o
 .debug_info    0x00015089      0x3d2 ..\obj\time.o
 .debug_info    0x0001545b      0x4a6 ..\obj\event.o
 .debug_info    0x00015901     0x13e7 ..\obj\port1.o
 .debug_info    0x00016ce8      0x581 ..\obj\syscalls.o
 .debug_info    0x00017269      0x7a7 ..\obj\stm32f10x_flash.o
 .debug_info    0x00017a10      0xcf3 ..\obj\stm32f10x_it.o
 .debug_info    0x00018703      0xfda ..\obj\usbd_req.o
 .debug_info    0x000196dd      0x528 ..\obj\queue.o
 .debug_info    0x00019c05      0x197 ..\obj\port.o
 .debug_info    0x00019d9c     0x1ee6 ..\obj\usb_dcd_int.o
 .debug_info    0x0001bc82      0x475 ..\obj\mutex.o
 .debug_info    0x0001c0f7      0x639 ..\obj\flag.o
 .debug_info    0x0001c730      0x861 ..\obj\udp.o
 .debug_info    0x0001cf91      0x577 ..\obj\ip.o
 .debug_info    0x0001d508      0x32d ..\obj\arch.o
 .debug_info    0x0001d835      0x572 ..\obj\icmp.o
 .debug_info    0x0001dda7      0x4f2 ..\obj\misc.o
 .debug_info    0x0001e299     0x103e ..\obj\usb_dcd.o
 .debug_info    0x0001f2d7     0x1b7d ..\obj\stm32_eth.o
 .debug_info    0x00020e54      0x99b ..\obj\stm32f10x_spi.o
 .debug_info    0x000217ef      0x3d1 ..\obj\sem.o
 .debug_info    0x00021bc0      0x282 ..\obj\deca_params_init.o
 .debug_info    0x00021e42      0xcd6 ..\obj\usbd_ioreq.o
 .debug_info    0x00022b18      0x88b ..\obj\TCP_SERVER.o
 .debug_info    0x000233a3       0xbc ..\obj\hook.o
 .debug_info    0x0002345f      0xc55 ..\obj\tcp_out.o
 .debug_info    0x000240b4      0x671 ..\obj\raw.o

.debug_abbrev   0x00000000     0x690b
 .debug_abbrev  0x00000000      0x18f ..\obj\stm32f10x_rtc.o
 .debug_abbrev  0x0000018f      0x2eb ..\obj\usb_core.o
 .debug_abbrev  0x0000047a      0x15c ..\obj\mem.o
 .debug_abbrev  0x000005d6      0x1b2 ..\obj\stm32f10x_tim.o
 .debug_abbrev  0x00000788      0x14f ..\obj\kernelHeap.o
 .debug_abbrev  0x000008d7      0x2d7 ..\obj\tcp.o
 .debug_abbrev  0x00000bae       0xf5 ..\obj\core.o
 .debug_abbrev  0x00000ca3       0x8b ..\obj\unistd.o
 .debug_abbrev  0x00000d2e      0x194 ..\obj\timer.o
 .debug_abbrev  0x00000ec2      0x202 ..\obj\deca_usb_bsp_evk1000.o
 .debug_abbrev  0x000010c4      0x1d7 ..\obj\tcp_in.o
 .debug_abbrev  0x0000129b      0x179 ..\obj\system_stm32f10x.o
 .debug_abbrev  0x00001414      0x11e ..\obj\memp.o
 .debug_abbrev  0x00001532      0x1d8 ..\obj\ip_frag.o
 .debug_abbrev  0x0000170a      0x2a3 ..\obj\deca_device.o
 .debug_abbrev  0x000019ad      0x133 ..\obj\deca_spi.o
 .debug_abbrev  0x00001ae0      0x1ef ..\obj\task.o
 .debug_abbrev  0x00001ccf      0x1cc ..\obj\stm32f10x_gpio.o
 .debug_abbrev  0x00001e9b      0x114 ..\obj\serviceReq.o
 .debug_abbrev  0x00001faf       0xdd ..\obj\ip_addr.o
 .debug_abbrev  0x0000208c      0x13a ..\obj\inet_chksum.o
 .debug_abbrev  0x000021c6      0x277 ..\obj\usbd_core.o
 .debug_abbrev  0x0000243d      0x2c2 ..\obj\main.o
 .debug_abbrev  0x000026ff      0x16a ..\obj\netconf.o
 .debug_abbrev  0x00002869      0x278 ..\obj\ethernetif.o
 .debug_abbrev  0x00002ae1      0x1bc ..\obj\stm32f10x_rcc.o
 .debug_abbrev  0x00002c9d      0x15f ..\obj\mbox.o
 .debug_abbrev  0x00002dfc      0x1f4 ..\obj\etharp.o
 .debug_abbrev  0x00002ff0       0x12 ..\obj\startup_stm32f10x_cl.o
 .debug_abbrev  0x00003002      0x155 ..\obj\stm32f10x_exti.o
 .debug_abbrev  0x00003157      0x14f ..\obj\deca_mutex.o
 .debug_abbrev  0x000032a6      0x3d5 ..\obj\deca_usb.o
 .debug_abbrev  0x0000367b      0x1a3 ..\obj\pbuf.o
 .debug_abbrev  0x0000381e      0x12e ..\obj\inet.o
 .debug_abbrev  0x0000394c      0x243 ..\obj\netif.o
 .debug_abbrev  0x00003b8f      0x194 ..\obj\time.o
 .debug_abbrev  0x00003d23      0x1d4 ..\obj\event.o
 .debug_abbrev  0x00003ef7      0x325 ..\obj\port1.o
 .debug_abbrev  0x0000421c      0x15a ..\obj\syscalls.o
 .debug_abbrev  0x00004376      0x18f ..\obj\stm32f10x_flash.o
 .debug_abbrev  0x00004505      0x202 ..\obj\stm32f10x_it.o
 .debug_abbrev  0x00004707      0x2a6 ..\obj\usbd_req.o
 .debug_abbrev  0x000049ad      0x17f ..\obj\queue.o
 .debug_abbrev  0x00004b2c       0xe7 ..\obj\port.o
 .debug_abbrev  0x00004c13      0x26a ..\obj\usb_dcd_int.o
 .debug_abbrev  0x00004e7d      0x15f ..\obj\mutex.o
 .debug_abbrev  0x00004fdc      0x1b1 ..\obj\flag.o
 .debug_abbrev  0x0000518d      0x1f6 ..\obj\udp.o
 .debug_abbrev  0x00005383      0x17d ..\obj\ip.o
 .debug_abbrev  0x00005500      0x129 ..\obj\arch.o
 .debug_abbrev  0x00005629      0x19c ..\obj\icmp.o
 .debug_abbrev  0x000057c5      0x156 ..\obj\misc.o
 .debug_abbrev  0x0000591b      0x25b ..\obj\usb_dcd.o
 .debug_abbrev  0x00005b76      0x237 ..\obj\stm32_eth.o
 .debug_abbrev  0x00005dad      0x180 ..\obj\stm32f10x_spi.o
 .debug_abbrev  0x00005f2d      0x150 ..\obj\sem.o